Component: ARM Compiler 5.06 update 7 (build 960) Tool: armlink [4d3601]

==============================================================================

Section Cross References

    main.o(.text) refers to rtx_kernel.o(.text) for osKernelGetState
    main.o(.text) refers to stm32f4xx_hal_rcc.o(.text) for HAL_RCC_OscConfig
    main.o(.text) refers to stm32f4xx_hal.o(.text) for HAL_GetREVID
    main.o(.text) refers to system_stm32f4xx.o(.text) for SystemCoreClockUpdate
    main.o(.text) refers to rtx_thread.o(.text) for osThreadNew
    main.o(.text) refers to system_stm32f4xx.o(.data) for SystemCoreClock
    main.o(.text) refers to main.o(.data) for .data
    main.o(.text) refers to http_server.o(.constdata) for app_main_attr
    main.o(.text) refers to http_server.o(.text) for app_main
    http_server.o(.text) refers to adc.o(.text) for ADC1_pins_F429ZI_config
    http_server.o(.text) refers to buttons_nucleo_f429zi.o(.text) for Buttons_GetState
    http_server.o(.text) refers to rtx_thread.o(.text) for osThreadFlagsSet
    http_server.o(.text) refers to led_nucleo_f429zi.o(.text) for LED_SetOut
    http_server.o(.text) refers to rtx_delay.o(.text) for osDelay
    http_server.o(.text) refers to rtc_2.o(.text) for RTC_Init
    http_server.o(.text) refers to rtx_msgqueue.o(.text) for osMessageQueueNew
    http_server.o(.text) refers to net_sys.o(i.netInitialize) for netInitialize
    http_server.o(.text) refers to thlcd.o(.text) for Init_Thread2
    http_server.o(.text) refers to http_server.o(.data) for .data
    http_server.o(.constdata) refers to http_server.o(.bss) for app_main_stk
    http_server_cgi.o(.text) refers to net_http_server.o(i.netCGI_GetEnvVar) for netCGI_GetEnvVar
    http_server_cgi.o(.text) refers to net_addr.o(i.netIP_aton) for netIP_aton
    http_server_cgi.o(.text) refers to net_sys.o(i.netIF_SetOption) for netIF_SetOption
    http_server_cgi.o(.text) refers to strcmp.o(.text) for strcmp
    http_server_cgi.o(.text) refers to strncmp.o(.text) for strncmp
    http_server_cgi.o(.text) refers to led_nucleo_f429zi.o(.text) for LED_SetOut
    http_server_cgi.o(.text) refers to net_http_server.o(i.netHTTPs_LoginActive) for netHTTPs_LoginActive
    http_server_cgi.o(.text) refers to strcpy.o(.text) for strcpy
    http_server_cgi.o(.text) refers to net_http_server.o(i.netHTTPs_SetPassword) for netHTTPs_SetPassword
    http_server_cgi.o(.text) refers to rtx_thread.o(.text) for osThreadFlagsSet
    http_server_cgi.o(.text) refers to net_sys.o(i.netIF_GetOption) for netIF_GetOption
    http_server_cgi.o(.text) refers to net_addr.o(i.netIP_ntoa) for netIP_ntoa
    http_server_cgi.o(.text) refers to printfa.o(i.__0sprintf) for __2sprintf
    http_server_cgi.o(.text) refers to net_tcp.o(i.netTCP_GetState) for netTCP_GetState
    http_server_cgi.o(.text) refers to net_tcp.o(i.netTCP_GetPeer) for netTCP_GetPeer
    http_server_cgi.o(.text) refers to net_tcp.o(i.netTCP_GetTimer) for netTCP_GetTimer
    http_server_cgi.o(.text) refers to net_tcp.o(i.netTCP_GetLocalPort) for netTCP_GetLocalPort
    http_server_cgi.o(.text) refers to http_server_cgi.o(.bss) for .bss
    http_server_cgi.o(.text) refers to http_server_cgi.o(.data) for .data
    http_server_cgi.o(.text) refers to http_server.o(.data) for LEDrun
    http_server_cgi.o(.text) refers to http_server.o(.data) for lcd_text
    http_server_cgi.o(.text) refers to rtc_2.o(.bss) for textweb
    http_server_cgi.o(.text) refers to http_server_cgi.o(.conststring) for .conststring
    http_server_cgi.o(.text) refers to net_http_server.o(i.netHTTPs_GetPassword) for netHTTPs_GetPassword
    http_server_cgi.o(.text) refers to net_http_server.o(i.netHTTPs_GetLanguage) for netHTTPs_GetLanguage
    http_server_cgi.o(.text) refers to http_server.o(.text) for AD_in
    http_server_cgi.o(.text) refers to ffltui.o(.text) for __aeabi_ui2f
    http_server_cgi.o(.text) refers to fmul.o(.text) for __aeabi_fmul
    http_server_cgi.o(.text) refers to f2d.o(.text) for __aeabi_f2d
    http_server_cgi.o(.text) refers to dscalb.o(.text) for __ARM_scalbn
    http_server_cgi.o(.text) refers to rtc_2.o(.text) for TextoWeb
    web.o(.text) refers to web.o(.constdata) for .constdata
    web.o(.constdata) refers to web.o(.constdata) for imageFileData
    lcd_1.o(.text) refers to stm32f4xx_hal_tim.o(.text) for HAL_TIM_Base_Init
    lcd_1.o(.text) refers to stm32f4xx_hal_gpio.o(.text) for HAL_GPIO_Init
    lcd_1.o(.text) refers to memseta.o(.text) for __aeabi_memclr4
    lcd_1.o(.text) refers to lcd_1.o(.bss) for .bss
    lcd_1.o(.text) refers to lcd_1.o(.data) for .data
    lcd_1.o(.text) refers to lcd_1.o(.constdata) for .constdata
    lcd_1.o(.data) refers to spi_stm32f4xx.o(.constdata) for Driver_SPI1
    thlcd.o(.text) refers to lcd_1.o(.text) for symbolToLocalBuffer_L1
    thlcd.o(.text) refers to rtx_msgqueue.o(.text) for osMessageQueueGet
    thlcd.o(.text) refers to memcpya.o(.text) for __aeabi_memcpy
    thlcd.o(.text) refers to rtx_thread.o(.text) for osThreadYield
[...]
    netHTTPs_GetLanguage                     0x0801365d   Thumb Code    24  net_http_server.o(i.netHTTPs_GetLanguage)
    netHTTPs_GetPassword                     0x0801367d   Thumb Code     6  net_http_server.o(i.netHTTPs_GetPassword)
    netHTTPs_LoginActive                     0x08013689   Thumb Code     6  net_http_server.o(i.netHTTPs_LoginActive)
    netHTTPs_SetPassword                     0x08013695   Thumb Code    78  net_http_server.o(i.netHTTPs_SetPassword)
    netIF_GetOption                          0x080136ed   Thumb Code   128  net_sys.o(i.netIF_GetOption)
    netIF_SetOption                          0x08013775   Thumb Code   124  net_sys.o(i.netIF_SetOption)
    netIP_aton                               0x080137f9   Thumb Code    26  net_addr.o(i.netIP_aton)
    netIP_ntoa                               0x08013813   Thumb Code    50  net_addr.o(i.netIP_ntoa)
    netInitialize                            0x08013845   Thumb Code   156  net_sys.o(i.netInitialize)
    netMAC_aton                              0x080138f1   Thumb Code   140  net_addr.o(i.netMAC_aton)
    netTCP_GetLocalPort                      0x0801397d   Thumb Code     4  net_tcp.o(i.netTCP_GetLocalPort)
    netTCP_GetPeer                           0x08013981   Thumb Code    32  net_tcp.o(i.netTCP_GetPeer)
    netTCP_GetState                          0x080139a1   Thumb Code     4  net_tcp.o(i.netTCP_GetState)
    netTCP_GetTimer                          0x080139a5   Thumb Code     4  net_tcp.o(i.netTCP_GetTimer)
    net_addr4_aton                           0x080139a9   Thumb Code   124  net_addr.o(i.net_addr4_aton)
    net_addr4_to_mac                         0x08013a25   Thumb Code    30  net_addr.o(i.net_addr4_to_mac)
    net_addr6_aton                           0x08013a45   Thumb Code   230  net_addr.o(i.net_addr6_aton)
    net_addr6_comp                           0x08013b2b   Thumb Code    40  net_addr.o(i.net_addr6_comp)
    net_addr6_copy                           0x08013b53   Thumb Code    18  net_addr.o(i.net_addr6_copy)
    net_addr6_create                         0x08013b65   Thumb Code    70  net_addr.o(i.net_addr6_create)
    net_addr6_get_solicited                  0x08013bb1   Thumb Code    34  net_addr.o(i.net_addr6_get_solicited)
    net_addr6_is_linklocal                   0x08013bd9   Thumb Code    24  net_addr.o(i.net_addr6_is_linklocal)
    net_addr6_is_onlink                      0x08013bf1   Thumb Code   110  net_addr.o(i.net_addr6_is_onlink)
    net_addr6_is_solicited                   0x08013c5f   Thumb Code    72  net_addr.o(i.net_addr6_is_solicited)
    net_addr6_is_unspec                      0x08013ca7   Thumb Code    24  net_addr.o(i.net_addr6_is_unspec)
    net_addr6_to_mac                         0x08013cbf   Thumb Code    14  net_addr.o(i.net_addr6_to_mac)
    net_addr_comp                            0x08013ccd   Thumb Code    44  net_addr.o(i.net_addr_comp)
    net_addr_copy                            0x08013cf9   Thumb Code    38  net_addr.o(i.net_addr_copy)
    net_addr_find_route                      0x08013d1f   Thumb Code    26  net_addr.o(i.net_addr_find_route)
    net_addr_get_local                       0x08013d39   Thumb Code    26  net_addr.o(i.net_addr_get_local)
    net_addr_is_unspec                       0x08013d59   Thumb Code    34  net_addr.o(i.net_addr_is_unspec)
    net_arp_cache_add                        0x08013d7d   Thumb Code   276  net_arp.o(i.net_arp_cache_add)
    net_arp_cache_early                      0x08013e99   Thumb Code   180  net_arp.o(i.net_arp_cache_early)
    net_arp_cache_find                       0x08013f55   Thumb Code   224  net_arp.o(i.net_arp_cache_find)
    net_arp_cache_init                       0x08014041   Thumb Code    64  net_arp.o(i.net_arp_cache_init)
    net_arp_cache_run                        0x08014089   Thumb Code    22  net_arp.o(i.net_arp_cache_run)
    net_arp_enqueue                          0x080140a5   Thumb Code   114  net_arp.o(i.net_arp_enqueue)
    net_arp_notify                           0x0801411d   Thumb Code    32  net_arp.o(i.net_arp_notify)
    net_arp_process                          0x0801413d   Thumb Code   536  net_arp.o(i.net_arp_process)
    net_atoi                                 0x08014361   Thumb Code    66  net_common.o(i.net_atoi)
    net_base64_decode                        0x080143a5   Thumb Code   114  net_base64.o(i.net_base64_decode)
    net_chksum_buf                           0x0801441d   Thumb Code    48  net_common.o(i.net_chksum_buf)
    net_crc_buf                              0x0801444d   Thumb Code    30  net_common.o(i.net_crc_buf)
    net_eth_callback                         0x0801446b   Thumb Code    14  net_eth.o(i.net_eth_callback)
    net_eth_config_mcast                     0x08014479   Thumb Code   104  net_eth.o(i.net_eth_config_mcast)
    net_eth_get_option                       0x080144e1   Thumb Code   234  net_eth.o(i.net_eth_get_option)
    net_eth_iface_init                       0x080145cd   Thumb Code    22  net_eth.o(i.net_eth_iface_init)
    net_eth_iface_run                        0x080145e9   Thumb Code    22  net_eth.o(i.net_eth_iface_run)
    net_eth_output                           0x08014605   Thumb Code   164  net_eth.o(i.net_eth_output)
    net_eth_send_frame                       0x080146ad   Thumb Code   462  net_eth.o(i.net_eth_send_frame)
    net_eth_set_option                       0x0801488d   Thumb Code   610  net_eth.o(i.net_eth_set_option)
    net_http_server_init                     0x08014afd   Thumb Code   212  net_http_server.o(i.net_http_server_init)
    net_http_server_run                      0x08014be5   Thumb Code    30  net_http_server.o(i.net_http_server_run)
    net_icmp6_init                           0x08014c0d   Thumb Code    20  net_icmp6.o(i.net_icmp6_init)
    net_icmp6_process                        0x08014c25   Thumb Code   542  net_icmp6.o(i.net_icmp6_process)
    net_icmp6_send                           0x08014e5d   Thumb Code   122  net_icmp6.o(i.net_icmp6_send)
    net_icmp6_send_echo                      0x08014ee1   Thumb Code    78  net_icmp6.o(i.net_icmp6_send_echo)
    net_icmp_init                            0x08014f39   Thumb Code    20  net_icmp.o(i.net_icmp_init)
    net_icmp_process                         0x08014f51   Thumb Code   430  net_icmp.o(i.net_icmp_process)
    net_icmp_send_echo                       0x08015119   Thumb Code   142  net_icmp.o(i.net_icmp_send_echo)
    net_if_map_all                           0x080151b9   Thumb Code     6  net_sys.o(i.net_if_map_all)
    net_igmp_collect_mcast                   0x080151c5   Thumb Code   104  net_igmp.o(i.net_igmp_collect_mcast)
    net_igmp_host_init                       0x08015231   Thumb Code    68  net_igmp.o(i.net_igmp_host_init)
    net_igmp_host_run                        0x08015279   Thumb Code    22  net_igmp.o(i.net_igmp_host_run)
    net_igmp_is_member                       0x08015295   Thumb Code    28  net_igmp.o(i.net_igmp_is_member)
    net_igmp_process                         0x080152b5   Thumb Code   414  net_igmp.o(i.net_igmp_process)
    net_ip4_chk_frame                        0x08015461   Thumb Code   372  net_ip4.o(i.net_ip4_chk_frame)
    net_ip4_chksum                           0x080155ed   Thumb Code    44  net_ip4.o(i.net_ip4_chksum)
    net_ip4_chksum_buf                       0x08015619   Thumb Code     6  net_ip4.o(i.net_ip4_chksum_buf)
    net_ip4_find_route                       0x08015621   Thumb Code   104  net_ip4.o(i.net_ip4_find_route)
    net_ip4_frag_add                         0x080156a1   Thumb Code   284  net_ip4_frag.o(i.net_ip4_frag_add)
    net_ip4_frag_get                         0x080157c5   Thumb Code   168  net_ip4_frag.o(i.net_ip4_frag_get)
    net_ip4_frag_init                        0x08015871   Thumb Code    12  net_ip4_frag.o(i.net_ip4_frag_init)
    net_ip4_frag_run                         0x08015881   Thumb Code    50  net_ip4_frag.o(i.net_ip4_frag_run)
    net_ip4_get_local                        0x080158bd   Thumb Code    40  net_ip4.o(i.net_ip4_get_local)
    net_ip4_init                             0x080158e9   Thumb Code    22  net_ip4.o(i.net_ip4_init)
    net_ip4_is_onlink                        0x0801590d   Thumb Code    32  net_ip4.o(i.net_ip4_is_onlink)
    net_ip4_is_subcast                       0x0801592d   Thumb Code    38  net_ip4.o(i.net_ip4_is_subcast)
    net_ip4_reass_frame                      0x08015953   Thumb Code    14  net_ip4.o(i.net_ip4_reass_frame)
    net_ip4_send_frame                       0x08015961   Thumb Code   340  net_ip4.o(i.net_ip4_send_frame)
    net_ip4_tx_offl_hl                       0x08015ac5   Thumb Code    42  net_ip4.o(i.net_ip4_tx_offl_hl)
    net_ip6_chk_frame                        0x08015af1   Thumb Code   236  net_ip6.o(i.net_ip6_chk_frame)
    net_ip6_chksum                           0x08015bf1   Thumb Code    50  net_ip6.o(i.net_ip6_chksum)
    net_ip6_collect_mcast                    0x08015c25   Thumb Code   118  net_ip6.o(i.net_ip6_collect_mcast)
    net_ip6_find_route                       0x08015ca1   Thumb Code    56  net_ip6.o(i.net_ip6_find_route)
    net_ip6_get_local                        0x08015ce9   Thumb Code    74  net_ip6.o(i.net_ip6_get_local)
    net_ip6_init                             0x08015d3d   Thumb Code    20  net_ip6.o(i.net_ip6_init)
    net_ip6_send_frame                       0x08015d59   Thumb Code   192  net_ip6.o(i.net_ip6_send_frame)
    net_ip6_tx_offl_hl                       0x08015e25   Thumb Code    30  net_ip6.o(i.net_ip6_tx_offl_hl)
    net_itoa                                 0x08015e43   Thumb Code     8  net_common.o(i.net_itoa)
    net_itoa_n0                              0x08015e4b   Thumb Code     6  net_common.o(i.net_itoa_n0)
    net_loop_iface_init                      0x08015e51   Thumb Code    40  net_loopback.o(i.net_loop_iface_init)
    net_loop_iface_run                       0x08015e81   Thumb Code   176  net_loopback.o(i.net_loop_iface_run)
    net_loop_send_frame                      0x08015f3d   Thumb Code   104  net_loopback.o(i.net_loop_send_frame)
    net_mem_alloc                            0x08015fad   Thumb Code   178  net_mem.o(i.net_mem_alloc)
    net_mem_avail                            0x0801606d   Thumb Code    22  net_mem.o(i.net_mem_avail)
    net_mem_free                             0x08016089   Thumb Code   152  net_mem.o(i.net_mem_free)
    net_mem_init                             0x0801612d   Thumb Code    98  net_mem.o(i.net_mem_init)
    net_mem_shrink                           0x0801619d   Thumb Code    62  net_mem.o(i.net_mem_shrink)
    net_ndp_cache_find                       0x080161e5   Thumb Code   438  net_ndp.o(i.net_ndp_cache_find)
    net_ndp_cache_refresh                    0x080163a9   Thumb Code   112  net_ndp.o(i.net_ndp_cache_refresh)
    net_ndp_enqueue                          0x08016421   Thumb Code   108  net_ndp.o(i.net_ndp_enqueue)
    net_ndp_process                          0x08016491   Thumb Code   872  net_ndp.o(i.net_ndp_process)
    net_path                                 0x08016805   Thumb Code    52  net_sys.o(i.net_path)
    net_ping_client_init                     0x0801683d   Thumb Code    22  net_ping_core.o(i.net_ping_client_init)
    net_ping_client_run                      0x0801685d   Thumb Code   110  net_ping_core.o(i.net_ping_client_run)
    net_rand32                               0x080168dd   Thumb Code    18  net_sys.o(i.net_rand32)
    net_sntp_client_init                     0x080168f9   Thumb Code    80  net_sntp_client_core.o(i.net_sntp_client_init)
    net_sntp_client_run                      0x08016955   Thumb Code    76  net_sntp_client_core.o(i.net_sntp_client_run)
    net_strcasecmp                           0x080169ad   Thumb Code    46  net_common.o(i.net_strcasecmp)
    net_strchr                               0x080169db   Thumb Code    22  net_common.o(i.net_strchr)
    net_strcmp                               0x080169f1   Thumb Code    26  net_common.o(i.net_strcmp)
    net_strcpy                               0x08016a0b   Thumb Code    18  net_common.o(i.net_strcpy)
    net_strnchr                              0x08016a1d   Thumb Code    28  net_common.o(i.net_strnchr)
    net_strncpy                              0x08016a39   Thumb Code    26  net_common.o(i.net_strncpy)
    net_sys_lock                             0x08016a55   Thumb Code     8  net_sys.o(i.net_sys_lock)
    net_sys_resume                           0x08016a61   Thumb Code    22  net_sys.o(i.net_sys_resume)
    net_sys_tick                             0x08016a79   Thumb Code    16  net_sys.o(i.net_sys_tick)
    net_sys_unlock                           0x08016a8d   Thumb Code     8  net_sys.o(i.net_sys_unlock)
    net_sys_wakeup                           0x08016a99   Thumb Code    26  net_sys.o(i.net_sys_wakeup)
    net_tcp_abort                            0x08016ab9   Thumb Code   122  net_tcp.o(i.net_tcp_abort)
    net_tcp_close                            0x08016b3d   Thumb Code   218  net_tcp.o(i.net_tcp_close)
    net_tcp_get_buf                          0x08016c21   Thumb Code    46  net_tcp.o(i.net_tcp_get_buf)
    net_tcp_get_local_port                   0x08016c51   Thumb Code    48  net_tcp.o(i.net_tcp_get_local_port)
    net_tcp_get_mss                          0x08016c85   Thumb Code    34  net_tcp.o(i.net_tcp_get_mss)
    net_tcp_get_peer                         0x08016cad   Thumb Code    80  net_tcp.o(i.net_tcp_get_peer)
    net_tcp_get_socket                       0x08016d01   Thumb Code   104  net_tcp.o(i.net_tcp_get_socket)
    net_tcp_get_state                        0x08016d71   Thumb Code    40  net_tcp.o(i.net_tcp_get_state)
    net_tcp_get_timer                        0x08016d9d   Thumb Code    48  net_tcp.o(i.net_tcp_get_timer)
    net_tcp_listen                           0x08016dd1   Thumb Code   168  net_tcp.o(i.net_tcp_listen)
    net_tcp_process                          0x08016e81   Thumb Code  1956  net_tcp.o(i.net_tcp_process)
    net_tcp_send                             0x08017629   Thumb Code   336  net_tcp.o(i.net_tcp_send)
    net_tcp_set_option                       0x08017785   Thumb Code   288  net_tcp.o(i.net_tcp_set_option)
    net_tcp_socket_init                      0x080178b1   Thumb Code    30  net_tcp.o(i.net_tcp_socket_init)
    net_tcp_socket_run                       0x080178d9   Thumb Code   938  net_tcp.o(i.net_tcp_socket_run)
    net_udp_close                            0x08017c99   Thumb Code    62  net_udp.o(i.net_udp_close)
    net_udp_get_buf                          0x08017ce1   Thumb Code    46  net_udp.o(i.net_udp_get_buf)
    net_udp_get_socket                       0x08017d11   Thumb Code   102  net_udp.o(i.net_udp_get_socket)
    net_udp_process                          0x08017d81   Thumb Code   322  net_udp.o(i.net_udp_process)
    net_udp_send                             0x08017ed9   Thumb Code    18  net_udp.o(i.net_udp_send)
    net_udp_send_if                          0x08017eed   Thumb Code   540  net_udp.o(i.net_udp_send_if)
    net_udp_socket_init                      0x08018119   Thumb Code    30  net_udp.o(i.net_udp_socket_init)
    net_ultoa                                0x0801813d   Thumb Code     8  net_common.o(i.net_ultoa)
    net_ultox                                0x08018145   Thumb Code    44  net_common.o(i.net_ultox)
    net_xtoul                                0x08018175   Thumb Code    76  net_common.o(i.net_xtoul)
    app_main_attr                            0x08018df0   Data          36  http_server.o(.constdata)
    imageLastModified                        0x08018e14   Data           4  web.o(.constdata)
    Arial12x12                               0x0801fac8   Data        2400  lcd_1.o(.constdata)
    osRtxUserSVC                             0x080204a8   Data           4  rtx_lib.o(.constdata)
    Driver_ETH_PHY0                          0x080204b0   Data          32  phy_lan8742a.o(.constdata)
    Driver_ETH_MAC0                          0x08020520   Data          68  emac_stm32f4xx.o(.constdata)
    Driver_SPI1                              0x080205b8   Data          44  spi_stm32f4xx.o(.constdata)
    EventRecorderInfo                        0x080205e4   Data          24  eventrecorder.o(.constdata)
    AHBPrescTable                            0x08020604   Data          16  system_stm32f4xx.o(.constdata)
    APBPrescTable                            0x08020614   Data           8  system_stm32f4xx.o(.constdata)
    net_sys_config                           0x080206c4   Data          28  net_config.o(.constdata)
    net_eth0_if_config                       0x08020738   Data          44  net_config.o(.constdata)
    net_eth_list                             0x08020764   Data           8  net_config.o(.constdata)
    net_if_list_all                          0x0802076c   Data           8  net_config.o(.constdata)
    net_if_inet_def                          0x08020774   Data           8  net_config.o(.constdata)
    net_if_link_def                          0x0802077c   Data           8  net_config.o(.constdata)
    net_arp_list                             0x08020784   Data           8  net_config.o(.constdata)
    net_icmp_list                            0x0802078c   Data           8  net_config.o(.constdata)
    net_igmp_list                            0x08020794   Data           8  net_config.o(.constdata)
    net_icmp6_list                           0x0802079c   Data           4  net_config.o(.constdata)
    net_ip4_frag_config                      0x080207a0   Data           8  net_config.o(.constdata)
    net_udp_config                           0x080207a8   Data          12  net_config.o(.constdata)
    net_tcp_config                           0x080207b4   Data          24  net_config.o(.constdata)
    net_http_config                          0x080207cc   Data          52  net_config.o(.constdata)
    net_sntp_config                          0x08020800   Data           8  net_config.o(.constdata)
    netif_getopt_func                        0x0802085c   Data          16  net_config.o(.constdata)
    netif_setopt_func                        0x0802086c   Data          16  net_config.o(.constdata)
    net_loop_if_config                       0x08020884   Data          44  net_loopback.o(.constdata)
    net_http_auth_basic_func                 0x080209b8   Data          24  net_http_server_auth.o(.constdata)
    net_ping_payload                         0x080209d0   Data          18  net_ping_core.o(.constdata)
    net_addr_unspec                          0x080209e2   Data          16  net_addr.o(.constdata)
    net_addr_bcast                           0x080209f2   Data           6  net_addr.o(.constdata)
    net_addr4_loopback                       0x080209f8   Data           4  net_ip4.o(.constdata)
    net_addr6_all_nodes                      0x080209fc   Data          16  net_ip6.o(.constdata)
    net_addr6_loopback                       0x08020a0c   Data          16  net_ip6.o(.constdata)
    net_http_error                           0x08020a1c   Data          24  net_http_server_err.o(.constdata)
    net_lib_version                          0x08020ad4   Data           4  net_version.o(.constdata)
    network_ip4ip6_debug_v7.15.0             0x08020ad4   Data           4  net_version.o(.constdata)
    osRtxConfig                              0x08020eb4   Data         112  rtx_lib.o(.rodata)
    os_cb_sections                           0x08020f24   Data          56  rtx_lib.o(.rodata)
    Region$$Table$$Base                      0x08020f5c   Number         0  anon$$obj.o(Region$$Table)
    Region$$Table$$Limit                     0x08020f8c   Number         0  anon$$obj.o(Region$$Table)
    .bss.os.msgqueue.cb$$Base                0x20008044   Number         0  rtx_lib.o(.bss.os.msgqueue.cb)
    .bss.os.msgqueue.cb$$Limit               0x20008078   Number         0  rtx_lib.o(.bss.os.msgqueue.cb)
    .bss.os.mutex.cb$$Base                   0x200080c8   Number         0  net_config.o(.bss.os.mutex.cb)
    .bss.os.mutex.cb$$Limit                  0x20008100   Number         0  net_config.o(.bss.os.mutex.cb)
    .bss.os.semaphore.cb$$Base               0x20008100   Number         0  net_config.o(.bss.os.semaphore.cb)
    .bss.os.semaphore.cb$$Limit              0x20008110   Number         0  net_config.o(.bss.os.semaphore.cb)
    .bss.os.thread.cb$$Base                  0x20008110   Number         0  rtx_lib.o(.bss.os.thread.cb)
    .bss.os.thread.cb$$Limit                 0x20008220   Number         0  net_config.o(.bss.os.thread.cb)
    .bss.os.timer.cb$$Base                   0x20008620   Number         0  net_config.o(.bss.os.timer.cb)
    .bss.os.timer.cb$$Limit                  0x20008640   Number         0  net_config.o(.bss.os.timer.cb)
    lcd_text                                 0x20008644   Data          42  http_server.o(.data)
    LEDrun                                   0x20008670   Data           1  http_server.o(.data)
    Tid_RTC                                  0x20008674   Data           4  http_server.o(.data)
    TID_Display                              0x20008678   Data           4  http_server.o(.data)
    TID_Led                                  0x2000867c   Data           4  http_server.o(.data)
    mid_MsgQueue_LCD                         0x20008680   Data           4  http_server.o(.data)
    positionL1                               0x2000868c   Data           2  lcd_1.o(.data)
    positionL2                               0x2000868e   Data           2  lcd_1.o(.data)
    SPIdrv                                   0x20008690   Data           4  lcd_1.o(.data)
    tid_Thread2                              0x20008694   Data           4  thlcd.o(.data)
    status                                   0x20008698   Data           4  thlcd.o(.data)
    TestADC                                  0x2000869c   Data           1  adc.o(.data)
    mid_MsgQueueADC                          0x200086a0   Data           4  adc.o(.data)
    tid_Thread_adc                           0x200086a4   Data           4  adc.o(.data)
    newVoltage                               0x200086a8   Data           4  adc.o(.data)
    voltaje                                  0x200086ac   Data           4  adc.o(.data)
    tid_Th_ADC_Test                          0x200086b0   Data           4  adc.o(.data)
    ToggleV                                  0x200086b4   Data           1  rtc_2.o(.data)
    ToggleR                                  0x200086b5   Data           1  rtc_2.o(.data)
    sdatestructure                           0x200086b6   Data           4  rtc_2.o(.data)
    sdatestructureget                        0x200086ba   Data           4  rtc_2.o(.data)
    timer_id_1m                              0x200086c0   Data           4  rtc_2.o(.data)
    timer_ldR                                0x200086c4   Data           4  rtc_2.o(.data)
    timer_ldV                                0x200086c8   Data           4  rtc_2.o(.data)
    uwTickFreq                               0x200086cc   Data           1  stm32f4xx_hal.o(.data)
    uwTickPrio                               0x200086d0   Data           4  stm32f4xx_hal.o(.data)
    uwTick                                   0x200086d4   Data           4  stm32f4xx_hal.o(.data)
    SystemCoreClock                          0x200086d8   Data           4  system_stm32f4xx.o(.data)
    net_eth0_igmp_control                    0x200086ea   Data           4  net_igmp.o(.data)
    net_eth0_icmp_control                    0x200086f8   Data           1  net_icmp.o(.data)
    osRtxInfo                                0x20008718   Data         164  rtx_kernel.o(.data.os)
    app_main_stk                             0x200087c0   Data        1024  http_server.o(.bss)
    buffer                                   0x20008bf8   Data         512  lcd_1.o(.bss)
    htim7                                    0x20008df8   Data          64  lcd_1.o(.bss)
    msg_recibido                             0x20008e38   Data         129  thlcd.o(.bss)
    RtcHandle                                0x20008ed0   Data          32  rtc_2.o(.bss)
    textweb                                  0x20008ef0   Data          80  rtc_2.o(.bss)
    lcd_rtc                                  0x20008f40   Data         129  rtc_2.o(.bss)
    stimestructure                           0x20008fc4   Data          20  rtc_2.o(.bss)
    stimestructureget                        0x20008fd8   Data          20  rtc_2.o(.bss)
    net_eth0_if_control                      0x2000f0c8   Data         160  net_eth.o(.bss)
    net_eth0_arp_control                     0x2000f168   Data          24  net_arp.o(.bss)
    net_http_control                         0x2000f220   Data          20  net_http_server.o(.bss)
    net_sntp_control                         0x2000f234   Data          44  net_sntp_client_core.o(.bss)
    net_ping_control                         0x2000f260   Data          44  net_ping_core.o(.bss)
    net_sys_control                          0x2000f29c   Data          28  net_sys.o(.bss)
    net_dbg_buf                              0x2000f2c4   Data          36  net_sys.o(.bss)
    __initial_sp                             0x2000f758   Data           0  startup_stm32f429xx.o(STACK)



==============================================================================

Memory Map of the image

  Image Entry point : 0x080001ad

  Load Region LR_IROM1 (Base: 0x08000000, Size: 0x00029748, Max: 0x00200000, ABSOLUTE, COMPRESSED[0x000210c4])

    Execution Region ER_IROM1 (Exec base: 0x08000000, Load base: 0x08000000, Size: 0x00020f8c, Max: 0x00200000, ABSOLUTE)

    Exec Addr    Load Addr    Size         Type   Attr      Idx    E Section Name        Object

    0x08000000   0x08000000   0x000001ac   Data   RO         1653    RESET               startup_stm32f429xx.o
    0x080001ac   0x080001ac   0x00000000   Code   RO         2811  * .ARM.Collect$$$$00000000  mc_w.l(entry.o)
    0x080001ac   0x080001ac   0x00000004   Code   RO         3105    .ARM.Collect$$$$00000001  mc_w.l(entry2.o)
    0x080001b0   0x080001b0   0x00000004   Code   RO         3108    .ARM.Collect$$$$00000004  mc_w.l(entry5.o)
    0x080001b4   0x080001b4   0x00000000   Code   RO         3110    .ARM.Collect$$$$00000008  mc_w.l(entry7b.o)
    0x080001b4   0x080001b4   0x00000000   Code   RO         3112    .ARM.Collect$$$$0000000A  mc_w.l(entry8b.o)
    0x080001b4   0x080001b4   0x00000008   Code   RO         3113    .ARM.Collect$$$$0000000B  mc_w.l(entry9a.o)
    0x080001bc   0x080001bc   0x00000004   Code   RO         3120    .ARM.Collect$$$$0000000E  mc_w.l(entry12b.o)
    0x080001c0   0x080001c0   0x00000000   Code   RO         3115    .ARM.Collect$$$$0000000F  mc_w.l(entry10a.o)
    0x080001c0   0x080001c0   0x00000000   Code   RO         3117    .ARM.Collect$$$$00000011  mc_w.l(entry11a.o)
    0x080001c0   0x080001c0   0x00000004   Code   RO         3106    .ARM.Collect$$$$00002712  mc_w.l(entry2.o)
    0x080001c4   0x080001c4   0x00000148   Code   RO          794    .emb_text           rtx_mempool.o
    0x0800030c   0x0800030c   0x00000148   Code   RO          825    .emb_text           rtx_msgqueue.o
    0x08000454   0x08000454   0x00000148   Code   RO          890    .emb_text           rtx_semaphore.o
    0x0800059c   0x0800059c   0x00000148   Code   RO          921    .emb_text           rtx_system.o
    0x080006e4   0x080006e4   0x00000148   Code   RO          955    .emb_text           rtx_thread.o
    0x0800082c   0x0800082c   0x00000074   Code   RO         1176    .emb_text           eventrecorder.o
    0x080008a0   0x080008a0   0x0000000c   Code   RO            4    .text               stm32f4xx_it.o
    0x080008ac   0x080008ac   0x00000114   Code   RO          152    .text               main.o
    0x080009c0   0x080009c0   0x00000104   Code   RO          177    .text               http_server.o
    0x08000ac4   0x08000ac4   0x00000790   Code   RO          265    .text               http_server_cgi.o
    0x08001254   0x08001254   0x00000078   Code   RO          297    .text               web.o
    0x080012cc   0x080012cc   0x00000368   Code   RO          317    .text               lcd_1.o
    0x08001634   0x08001634   0x000000cc   Code   RO          361    .text               thlcd.o
    0x08001700   0x08001700   0x000001a0   Code   RO          390    .text               adc.o
    0x080018a0   0x080018a0   0x00000398   Code   RO          417    .text               rtc_2.o
    0x08001c38   0x08001c38   0x000000a4   Code   RO          486    .text               buttons_nucleo_f429zi.o
    0x08001cdc   0x08001cdc   0x000000ec   Code   RO          512    .text               led_nucleo_f429zi.o
    0x08001dc8   0x08001dc8   0x00000094   Code   RO          536    .text               irq_armv7m.o
    0x08001e5c   0x08001e5c   0x00000104   Code   RO          544    .text               rtx_delay.o
    0x08001f60   0x08001f60   0x00000958   Code   RO          642    .text               rtx_evr.o
    0x080028b8   0x080028b8   0x000006cc   Code   RO          667    .text               rtx_kernel.o
    0x08002f84   0x08002f84   0x00000018   Code   RO          715    .text               rtx_lib.o
    0x08002f9c   0x08002f9c   0x00000124   Code   RO          764    .text               rtx_memory.o
    0x080030c0   0x080030c0   0x00000678   Code   RO          795    .text               rtx_mempool.o
    0x08003738   0x08003738   0x000009bc   Code   RO          826    .text               rtx_msgqueue.o
    0x080040f4   0x080040f4   0x00000558   Code   RO          860    .text               rtx_mutex.o
    0x0800464c   0x0800464c   0x00000450   Code   RO          891    .text               rtx_semaphore.o
    0x08004a9c   0x08004a9c   0x00000154   Code   RO          922    .text               rtx_system.o
    0x08004bf0   0x08004bf0   0x000011d4   Code   RO          956    .text               rtx_thread.o
    0x08005dc4   0x08005dc4   0x00000480   Code   RO          990    .text               rtx_timer.o
    0x08006244   0x08006244   0x000000c4   Code   RO         1020    .text               os_systick.o
    0x08006308   0x08006308   0x00000004   Code   RO         1046    .text               rtx_config.o
    0x0800630c   0x0800630c   0x000001ac   Code   RO         1067    .text               phy_lan8742a.o
    0x080064b8   0x080064b8   0x000009e8   Code   RO         1095    .text               emac_stm32f4xx.o
    0x08006ea0   0x08006ea0   0x00000c5c   Code   RO         1137    .text               spi_stm32f4xx.o
    0x08007afc   0x08007afc   0x00000538   Code   RO         1177    .text               eventrecorder.o
    0x08008034   0x08008034   0x000001c8   Code   RO         1211    .text               stm32f4xx_hal.o
    0x080081fc   0x080081fc   0x00000ab8   Code   RO         1241    .text               stm32f4xx_hal_adc.o
    0x08008cb4   0x08008cb4   0x00000724   Code   RO         1265    .text               stm32f4xx_hal_adc_ex.o
    0x080093d8   0x080093d8   0x00000298   Code   RO         1289    .text               stm32f4xx_hal_cortex.o
    0x08009670   0x08009670   0x00000718   Code   RO         1317    .text               stm32f4xx_hal_dma.o
    0x08009d88   0x08009d88   0x00000364   Code   RO         1366    .text               stm32f4xx_hal_gpio.o
    0x0800a0ec   0x0800a0ec   0x00000178   Code   RO         1390    .text               stm32f4xx_hal_pwr.o
    0x0800a264   0x0800a264   0x00000760   Code   RO         1438    .text               stm32f4xx_hal_rcc.o
    0x0800a9c4   0x0800a9c4   0x000005e4   Code   RO         1462    .text               stm32f4xx_hal_rcc_ex.o
    0x0800afa8   0x0800afa8   0x00000970   Code   RO         1486    .text               stm32f4xx_hal_rtc.o
    0x0800b918   0x0800b918   0x00000b0c   Code   RO         1510    .text               stm32f4xx_hal_rtc_ex.o
    0x0800c424   0x0800c424   0x000023d2   Code   RO         1582    .text               stm32f4xx_hal_tim.o
    0x0800e7f6   0x0800e7f6   0x00000002   PAD
    0x0800e7f8   0x0800e7f8   0x00000bb0   Code   RO         1606    .text               stm32f4xx_hal_tim_ex.o
    0x0800f3a8   0x0800f3a8   0x00000024   Code   RO         1654    .text               startup_stm32f429xx.o
    0x0800f3cc   0x0800f3cc   0x00000094   Code   RO         1661    .text               system_stm32f4xx.o
    0x0800f460   0x0800f460   0x00000164   Code   RO         1690    .text               net_config.o
    0x0800f5c4   0x0800f5c4   0x00000152   Code   RO         1785    .text               net_debug.o
    0x0800f716   0x0800f716   0x00000062   Code   RO         2814    .text               mc_w.l(uldiv.o)
    0x0800f778   0x0800f778   0x00000024   Code   RO         2816    .text               mc_w.l(memcpya.o)
    0x0800f79c   0x0800f79c   0x00000024   Code   RO         2818    .text               mc_w.l(memseta.o)
    0x0800f7c0   0x0800f7c0   0x0000000e   Code   RO         2820    .text               mc_w.l(strlen.o)
    0x0800f7ce   0x0800f7ce   0x0000001c   Code   RO         2822    .text               mc_w.l(strcmp.o)
    0x0800f7ea   0x0800f7ea   0x0000001a   Code   RO         2824    .text               mc_w.l(memcmp.o)
    0x0800f804   0x0800f804   0x00000012   Code   RO         2826    .text               mc_w.l(strcpy.o)
    0x0800f816   0x0800f816   0x0000001e   Code   RO         2828    .text               mc_w.l(strncmp.o)
    0x0800f834   0x0800f834   0x00000064   Code   RO         3093    .text               mf_w.l(fmul.o)
    0x0800f898   0x0800f898   0x000000e4   Code   RO         3095    .text               mf_w.l(dmul.o)
    0x0800f97c   0x0800f97c   0x0000002e   Code   RO         3097    .text               mf_w.l(dscalb.o)
    0x0800f9aa   0x0800f9aa   0x0000000a   Code   RO         3099    .text               mf_w.l(ffltui.o)
    0x0800f9b4   0x0800f9b4   0x0000003e   Code   RO         3101    .text               mf_w.l(dfixi.o)
    0x0800f9f2   0x0800f9f2   0x00000026   Code   RO         3103    .text               mf_w.l(f2d.o)
    0x0800fa18   0x0800fa18   0x0000002c   Code   RO         3124    .text               mc_w.l(uidiv.o)
    0x0800fa44   0x0800fa44   0x0000001e   Code   RO         3126    .text               mc_w.l(llshl.o)
    0x0800fa62   0x0800fa62   0x00000020   Code   RO         3128    .text               mc_w.l(llushr.o)
    0x0800fa82   0x0800fa82   0x00000000   Code   RO         3130    .text               mc_w.l(iusefp.o)
    0x0800fa82   0x0800fa82   0x0000006e   Code   RO         3131    .text               mf_w.l(fepilogue.o)
    0x0800faf0   0x0800faf0   0x000000ba   Code   RO         3133    .text               mf_w.l(depilogue.o)
    0x0800fbaa   0x0800fbaa   0x0000014e   Code   RO         3135    .text               mf_w.l(dadd.o)
    0x0800fcf8   0x0800fcf8   0x000000de   Code   RO         3137    .text               mf_w.l(ddiv.o)
    0x0800fdd6   0x0800fdd6   0x00000030   Code   RO         3139    .text               mf_w.l(dfixul.o)
    0x0800fe06   0x0800fe06   0x00000002   PAD
    0x0800fe08   0x0800fe08   0x00000030   Code   RO         3141    .text               mf_w.l(cdrcmple.o)
    0x0800fe38   0x0800fe38   0x00000024   Code   RO         3143    .text               mc_w.l(init.o)
    0x0800fe5c   0x0800fe5c   0x00000024   Code   RO         3146    .text               mc_w.l(llsshr.o)
    0x0800fe80   0x0800fe80   0x00000056   Code   RO         3156    .text               mc_w.l(__dczerorl2.o)
    0x0800fed6   0x0800fed6   0x00000002   PAD
    0x0800fed8   0x0800fed8   0x00000034   Code   RO         3066    i.__0snprintf       mc_w.l(printfa.o)
    0x0800ff0c   0x0800ff0c   0x00000028   Code   RO         3067    i.__0sprintf        mc_w.l(printfa.o)
    0x0800ff34   0x0800ff34   0x0000000e   Code   RO         3150    i.__scatterload_copy  mc_w.l(handlers.o)
    0x0800ff42   0x0800ff42   0x00000002   Code   RO         3151    i.__scatterload_null  mc_w.l(handlers.o)
    0x0800ff44   0x0800ff44   0x0000000e   Code   RO         3152    i.__scatterload_zeroinit  mc_w.l(handlers.o)
    0x0800ff52   0x0800ff52   0x00000002   PAD
    0x0800ff54   0x0800ff54   0x00000184   Code   RO         3072    i._fp_digits        mc_w.l(printfa.o)
    0x080100d8   0x080100d8   0x000006b4   Code   RO         3073    i._printf_core      mc_w.l(printfa.o)
    0x0801078c   0x0801078c   0x00000024   Code   RO         3074    i._printf_post_padding  mc_w.l(printfa.o)
    0x080107b0   0x080107b0   0x0000002e   Code   RO         3075    i._printf_pre_padding  mc_w.l(printfa.o)
    0x080107de   0x080107de   0x00000016   Code   RO         3076    i._snputc           mc_w.l(printfa.o)
    0x080107f4   0x080107f4   0x0000000a   Code   RO         3077    i._sputc            mc_w.l(printfa.o)
    0x080107fe   0x080107fe   0x00000002   PAD
    0x08010800   0x08010800   0x00000054   Code   RO         2210    i.add_server_id     Net_Dbg_CM3_L.lib(net_http_server.o)
    0x08010854   0x08010854   0x0000005c   Code   RO         1871    i.arp_cache_alloc   Net_Dbg_CM3_L.lib(net_arp.o)
    0x080108b0   0x080108b0   0x00000170   Code   RO         1872    i.arp_cache_run     Net_Dbg_CM3_L.lib(net_arp.o)
    0x08010a20   0x08010a20   0x00000038   Code   RO         1873    i.arp_is_cacheable  Net_Dbg_CM3_L.lib(net_arp.o)
    0x08010a58   0x08010a58   0x00000088   Code   RO         1874    i.arp_probe_run     Net_Dbg_CM3_L.lib(net_arp.o)
    0x08010ae0   0x08010ae0   0x000000d8   Code   RO         1876    i.arp_proc_response  Net_Dbg_CM3_L.lib(net_arp.o)
    0x08010bb8   0x08010bb8   0x0000001a   Code   RO         1877    i.arp_que_free      Net_Dbg_CM3_L.lib(net_arp.o)
    0x08010bd2   0x08010bd2   0x00000002   PAD
    0x08010bd4   0x08010bd4   0x000000a0   Code   RO         1878    i.arp_send_reply    Net_Dbg_CM3_L.lib(net_arp.o)
    0x08010c74   0x08010c74   0x000000d0   Code   RO         1879    i.arp_send_request  Net_Dbg_CM3_L.lib(net_arp.o)
    0x08010d44   0x08010d44   0x00000068   Code   RO         1880    i.arp_sender_valid  Net_Dbg_CM3_L.lib(net_arp.o)
    0x08010dac   0x08010dac   0x0000018c   Code   RO         2211    i.chk_post_req      Net_Dbg_CM3_L.lib(net_http_server.o)
    0x08010f38   0x08010f38   0x00000028   Code   RO         2725    i.crc32_8bit        Net_Dbg_CM3_L.lib(net_common.o)
    0x08010f60   0x08010f60   0x0000009a   Code   RO         1815    i.eth_check_link    Net_Dbg_CM3_L.lib(net_eth.o)
    0x08010ffa   0x08010ffa   0x00000002   PAD
    0x08010ffc   0x08010ffc   0x00000020   Code   RO         1816    i.eth_if_map        Net_Dbg_CM3_L.lib(net_eth.o)
    0x0801101c   0x0801101c   0x00000304   Code   RO         1817    i.eth_iface_init    Net_Dbg_CM3_L.lib(net_eth.o)
    0x08011320   0x08011320   0x00000290   Code   RO         1818    i.eth_iface_run     Net_Dbg_CM3_L.lib(net_eth.o)
    0x080115b0   0x080115b0   0x00000008   Code   RO         1820    i.eth_lock          Net_Dbg_CM3_L.lib(net_eth.o)
    0x080115b8   0x080115b8   0x0000001c   Code   RO         1821    i.eth_mtu_limit     Net_Dbg_CM3_L.lib(net_eth.o)
    0x080115d4   0x080115d4   0x00000048   Code   RO         1822    i.eth_opt_len       Net_Dbg_CM3_L.lib(net_eth.o)
    0x0801161c   0x0801161c   0x00000088   Code   RO         1823    i.eth_receive       Net_Dbg_CM3_L.lib(net_eth.o)
    0x080116a4   0x080116a4   0x00000008   Code   RO         1824    i.eth_unlock        Net_Dbg_CM3_L.lib(net_eth.o)
    0x080116ac   0x080116ac   0x0000007c   Code   RO         1988    i.frag_map_session  Net_Dbg_CM3_L.lib(net_ip4_frag.o)
    0x08011728   0x08011728   0x00000028   Code   RO         2212    i.get_next_field    Net_Dbg_CM3_L.lib(net_http_server.o)
    0x08011750   0x08011750   0x00000032   Code   RO         2213    i.get_next_par      Net_Dbg_CM3_L.lib(net_http_server.o)
    0x08011782   0x08011782   0x00000022   Code   RO         2214    i.hex2byte          Net_Dbg_CM3_L.lib(net_http_server.o)
    0x080117a4   0x080117a4   0x0000036c   Code   RO         2215    i.http_add_header   Net_Dbg_CM3_L.lib(net_http_server.o)
    0x08011b10   0x08011b10   0x00000050   Code   RO         2335    i.http_auth_basic_add  Net_Dbg_CM3_L.lib(net_http_server_auth.o)
    0x08011b60   0x08011b60   0x00000090   Code   RO         2336    i.http_auth_basic_parse  Net_Dbg_CM3_L.lib(net_http_server_auth.o)
    0x08011bf0   0x08011bf0   0x00000002   Code   RO         2342    i.http_auth_dummy   Net_Dbg_CM3_L.lib(net_http_server_auth.o)
    0x08011bf2   0x08011bf2   0x00000002   PAD
    0x08011bf4   0x08011bf4   0x00000024   Code   RO         2343    i.http_auth_init    Net_Dbg_CM3_L.lib(net_http_server_auth.o)
    0x08011c18   0x08011c18   0x000001cc   Code   RO         2216    i.http_error_msg    Net_Dbg_CM3_L.lib(net_http_server.o)
    0x08011de4   0x08011de4   0x00000078   Code   RO         2217    i.http_get_ftype    Net_Dbg_CM3_L.lib(net_http_server.o)
    0x08011e5c   0x08011e5c   0x0000005e   Code   RO         2218    i.http_kill_session  Net_Dbg_CM3_L.lib(net_http_server.o)
    0x08011eba   0x08011eba   0x00000002   PAD
    0x08011ebc   0x08011ebc   0x000002a8   Code   RO         2219    i.http_listener     Net_Dbg_CM3_L.lib(net_http_server.o)
    0x08012164   0x08012164   0x00000184   Code   RO         2220    i.http_open_file    Net_Dbg_CM3_L.lib(net_http_server.o)
    0x080122e8   0x080122e8   0x0000011c   Code   RO         2221    i.http_parse_header  Net_Dbg_CM3_L.lib(net_http_server.o)
    0x08012404   0x08012404   0x000001a8   Code   RO         2222    i.http_proc_multipart  Net_Dbg_CM3_L.lib(net_http_server.o)
    0x080125ac   0x080125ac   0x00000138   Code   RO         2223    i.http_proc_post    Net_Dbg_CM3_L.lib(net_http_server.o)
    0x080126e4   0x080126e4   0x00000468   Code   RO         2224    i.http_server_run   Net_Dbg_CM3_L.lib(net_http_server.o)
    0x08012b4c   0x08012b4c   0x00000060   Code   RO         2225    i.http_server_start  Net_Dbg_CM3_L.lib(net_http_server.o)
    0x08012bac   0x08012bac   0x00000020   Code   RO         2227    i.http_strcpy       Net_Dbg_CM3_L.lib(net_http_server.o)
    0x08012bcc   0x08012bcc   0x000000ac   Code   RO         2228    i.http_to_utc       Net_Dbg_CM3_L.lib(net_http_server.o)
    0x08012c78   0x08012c78   0x0000001a   Code   RO         2726    i.i2str             Net_Dbg_CM3_L.lib(net_common.o)
    0x08012c92   0x08012c92   0x00000002   PAD
    0x08012c94   0x08012c94   0x0000009c   Code   RO         1938    i.igmp_host_run     Net_Dbg_CM3_L.lib(net_igmp.o)
    0x08012d30   0x08012d30   0x00000024   Code   RO         1939    i.igmp_map_group    Net_Dbg_CM3_L.lib(net_igmp.o)
    0x08012d54   0x08012d54   0x00000070   Code   RO         1940    i.igmp_send_report  Net_Dbg_CM3_L.lib(net_igmp.o)
    0x08012dc4   0x08012dc4   0x0000000c   Code   RO         2603    i.ip4_get_chksum    Net_Dbg_CM3_L.lib(net_ip4.o)
    0x08012dd0   0x08012dd0   0x00000028   Code   RO         2604    i.ip4_get_mtu       Net_Dbg_CM3_L.lib(net_ip4.o)
    0x08012df8   0x08012df8   0x00000040   Code   RO         2466    i.ip4_ntoa          Net_Dbg_CM3_L.lib(net_addr.o)
    0x08012e38   0x08012e38   0x000000ca   Code   RO         2467    i.ip6_ntoa          Net_Dbg_CM3_L.lib(net_addr.o)
    0x08012f02   0x08012f02   0x00000002   PAD
    0x08012f04   0x08012f04   0x0000000c   Code   RO         2702    i.mem_lock          Net_Dbg_CM3_L.lib(net_mem.o)
    0x08012f10   0x08012f10   0x0000000c   Code   RO         2703    i.mem_unlock        Net_Dbg_CM3_L.lib(net_mem.o)
    0x08012f1c   0x08012f1c   0x00000120   Code   RO         2533    i.ndp_cache_add     Net_Dbg_CM3_L.lib(net_ndp.o)
    0x0801303c   0x0801303c   0x00000072   Code   RO         2534    i.ndp_cache_alloc   Net_Dbg_CM3_L.lib(net_ndp.o)
    0x080130ae   0x080130ae   0x00000002   PAD
    0x080130b0   0x080130b0   0x00000078   Code   RO         2535    i.ndp_cache_delete  Net_Dbg_CM3_L.lib(net_ndp.o)
    0x08013128   0x08013128   0x0000002c   Code   RO         2537    i.ndp_check_frame   Net_Dbg_CM3_L.lib(net_ndp.o)
    0x08013154   0x08013154   0x00000012   Code   RO         2538    i.ndp_next_opt      Net_Dbg_CM3_L.lib(net_ndp.o)
    0x08013166   0x08013166   0x00000002   PAD
    0x08013168   0x08013168   0x000000e4   Code   RO         2539    i.ndp_prefix_add    Net_Dbg_CM3_L.lib(net_ndp.o)
    0x0801324c   0x0801324c   0x000000fc   Code   RO         2542    i.ndp_proc_response  Net_Dbg_CM3_L.lib(net_ndp.o)
    0x08013348   0x08013348   0x0000001a   Code   RO         2543    i.ndp_que_free      Net_Dbg_CM3_L.lib(net_ndp.o)
    0x08013362   0x08013362   0x00000002   PAD
    0x08013364   0x08013364   0x00000038   Code   RO         2544    i.ndp_router_remove  Net_Dbg_CM3_L.lib(net_ndp.o)
    0x0801339c   0x0801339c   0x0000009c   Code   RO         2545    i.ndp_send_reply    Net_Dbg_CM3_L.lib(net_ndp.o)
    0x08013438   0x08013438   0x000000bc   Code   RO         2546    i.ndp_send_request  Net_Dbg_CM3_L.lib(net_ndp.o)
    0x080134f4   0x080134f4   0x00000004   Code   RO         2229    i.netCGI_Charset    Net_Dbg_CM3_L.lib(net_http_server.o)
    0x080134f8   0x080134f8   0x00000004   Code   RO         2230    i.netCGI_ContentType  Net_Dbg_CM3_L.lib(net_http_server.o)
    0x080134fc   0x080134fc   0x00000004   Code   RO         2231    i.netCGI_CustomHeader  Net_Dbg_CM3_L.lib(net_http_server.o)
    0x08013500   0x08013500   0x0000006c   Code   RO         2232    i.netCGI_GetEnvVar  Net_Dbg_CM3_L.lib(net_http_server.o)
    0x0801356c   0x0801356c   0x00000004   Code   RO         2235    i.netCGI_Redirect   Net_Dbg_CM3_L.lib(net_http_server.o)
    0x08013570   0x08013570   0x00000004   Code   RO         2237    i.netCGX_ContentType  Net_Dbg_CM3_L.lib(net_http_server.o)
    0x08013574   0x08013574   0x00000064   Code   RO         2416    i.netCore_Thread    Net_Dbg_CM3_L.lib(net_sys.o)
    0x080135d8   0x080135d8   0x00000002   Code   RO         1825    i.netETH_Notify     Net_Dbg_CM3_L.lib(net_eth.o)
    0x080135da   0x080135da   0x00000002   Code   RO         1826    i.netETH_ReceiveRaw  Net_Dbg_CM3_L.lib(net_eth.o)
    0x080135dc   0x080135dc   0x00000072   Code   RO         1828    i.netETH_Thread     Net_Dbg_CM3_L.lib(net_eth.o)
    0x0801364e   0x0801364e   0x00000004   Code   RO         2238    i.netHTTPs_AcceptClient  Net_Dbg_CM3_L.lib(net_http_server.o)
    0x08013652   0x08013652   0x00000004   Code   RO         2344    i.netHTTPs_CheckAccount  Net_Dbg_CM3_L.lib(net_http_server_auth.o)
    0x08013656   0x08013656   0x00000004   Code   RO         2240    i.netHTTPs_FileAccess  Net_Dbg_CM3_L.lib(net_http_server.o)
    0x0801365a   0x0801365a   0x00000002   PAD
    0x0801365c   0x0801365c   0x00000020   Code   RO         2243    i.netHTTPs_GetLanguage  Net_Dbg_CM3_L.lib(net_http_server.o)
    0x0801367c   0x0801367c   0x0000000c   Code   RO         2244    i.netHTTPs_GetPassword  Net_Dbg_CM3_L.lib(net_http_server.o)
    0x08013688   0x08013688   0x0000000c   Code   RO         2250    i.netHTTPs_LoginActive  Net_Dbg_CM3_L.lib(net_http_server.o)
    0x08013694   0x08013694   0x00000058   Code   RO         2253    i.netHTTPs_SetPassword  Net_Dbg_CM3_L.lib(net_http_server.o)
    0x080136ec   0x080136ec   0x00000088   Code   RO         2417    i.netIF_GetOption   Net_Dbg_CM3_L.lib(net_sys.o)
    0x08013774   0x08013774   0x00000084   Code   RO         2419    i.netIF_SetOption   Net_Dbg_CM3_L.lib(net_sys.o)
    0x080137f8   0x080137f8   0x0000001a   Code   RO         2469    i.netIP_aton        Net_Dbg_CM3_L.lib(net_addr.o)
    0x08013812   0x08013812   0x00000032   Code   RO         2470    i.netIP_ntoa        Net_Dbg_CM3_L.lib(net_addr.o)
    0x08013844   0x08013844   0x000000ac   Code   RO         2420    i.netInitialize     Net_Dbg_CM3_L.lib(net_sys.o)
    0x080138f0   0x080138f0   0x0000008c   Code   RO         2471    i.netMAC_aton       Net_Dbg_CM3_L.lib(net_addr.o)
    0x0801397c   0x0801397c   0x00000004   Code   RO         2091    i.netTCP_GetLocalPort  Net_Dbg_CM3_L.lib(net_tcp.o)
    0x08013980   0x08013980   0x00000020   Code   RO         2093    i.netTCP_GetPeer    Net_Dbg_CM3_L.lib(net_tcp.o)
    0x080139a0   0x080139a0   0x00000004   Code   RO         2095    i.netTCP_GetState   Net_Dbg_CM3_L.lib(net_tcp.o)
    0x080139a4   0x080139a4   0x00000004   Code   RO         2096    i.netTCP_GetTimer   Net_Dbg_CM3_L.lib(net_tcp.o)
    0x080139a8   0x080139a8   0x0000007c   Code   RO         2473    i.net_addr4_aton    Net_Dbg_CM3_L.lib(net_addr.o)
    0x08013a24   0x08013a24   0x0000001e   Code   RO         2475    i.net_addr4_to_mac  Net_Dbg_CM3_L.lib(net_addr.o)
    0x08013a42   0x08013a42   0x00000002   PAD
    0x08013a44   0x08013a44   0x000000e6   Code   RO         2476    i.net_addr6_aton    Net_Dbg_CM3_L.lib(net_addr.o)
    0x08013b2a   0x08013b2a   0x00000028   Code   RO         2477    i.net_addr6_comp    Net_Dbg_CM3_L.lib(net_addr.o)
    0x08013b52   0x08013b52   0x00000012   Code   RO         2478    i.net_addr6_copy    Net_Dbg_CM3_L.lib(net_addr.o)
    0x08013b64   0x08013b64   0x0000004c   Code   RO         2479    i.net_addr6_create  Net_Dbg_CM3_L.lib(net_addr.o)
    0x08013bb0   0x08013bb0   0x00000028   Code   RO         2480    i.net_addr6_get_solicited  Net_Dbg_CM3_L.lib(net_addr.o)
    0x08013bd8   0x08013bd8   0x00000018   Code   RO         2481    i.net_addr6_is_linklocal  Net_Dbg_CM3_L.lib(net_addr.o)
    0x08013bf0   0x08013bf0   0x0000006e   Code   RO         2482    i.net_addr6_is_onlink  Net_Dbg_CM3_L.lib(net_addr.o)
    0x08013c5e   0x08013c5e   0x00000048   Code   RO         2483    i.net_addr6_is_solicited  Net_Dbg_CM3_L.lib(net_addr.o)
    0x08013ca6   0x08013ca6   0x00000018   Code   RO         2484    i.net_addr6_is_unspec  Net_Dbg_CM3_L.lib(net_addr.o)
    0x08013cbe   0x08013cbe   0x0000000e   Code   RO         2486    i.net_addr6_to_mac  Net_Dbg_CM3_L.lib(net_addr.o)
    0x08013ccc   0x08013ccc   0x0000002c   Code   RO         2487    i.net_addr_comp     Net_Dbg_CM3_L.lib(net_addr.o)
    0x08013cf8   0x08013cf8   0x00000026   Code   RO         2488    i.net_addr_copy     Net_Dbg_CM3_L.lib(net_addr.o)
    0x08013d1e   0x08013d1e   0x0000001a   Code   RO         2489    i.net_addr_find_route  Net_Dbg_CM3_L.lib(net_addr.o)
    0x08013d38   0x08013d38   0x00000020   Code   RO         2491    i.net_addr_get_local  Net_Dbg_CM3_L.lib(net_addr.o)
    0x08013d58   0x08013d58   0x00000022   Code   RO         2492    i.net_addr_is_unspec  Net_Dbg_CM3_L.lib(net_addr.o)
    0x08013d7a   0x08013d7a   0x00000002   PAD
    0x08013d7c   0x08013d7c   0x0000011c   Code   RO         1888    i.net_arp_cache_add  Net_Dbg_CM3_L.lib(net_arp.o)
    0x08013e98   0x08013e98   0x000000bc   Code   RO         1889    i.net_arp_cache_early  Net_Dbg_CM3_L.lib(net_arp.o)
    0x08013f54   0x08013f54   0x000000ec   Code   RO         1890    i.net_arp_cache_find  Net_Dbg_CM3_L.lib(net_arp.o)
    0x08014040   0x08014040   0x00000048   Code   RO         1891    i.net_arp_cache_init  Net_Dbg_CM3_L.lib(net_arp.o)
    0x08014088   0x08014088   0x0000001c   Code   RO         1892    i.net_arp_cache_run  Net_Dbg_CM3_L.lib(net_arp.o)
    0x080140a4   0x080140a4   0x00000078   Code   RO         1894    i.net_arp_enqueue   Net_Dbg_CM3_L.lib(net_arp.o)
    0x0801411c   0x0801411c   0x00000020   Code   RO         1896    i.net_arp_notify    Net_Dbg_CM3_L.lib(net_arp.o)
    0x0801413c   0x0801413c   0x00000224   Code   RO         1898    i.net_arp_process   Net_Dbg_CM3_L.lib(net_arp.o)
    0x08014360   0x08014360   0x00000042   Code   RO         2727    i.net_atoi          Net_Dbg_CM3_L.lib(net_common.o)
    0x080143a2   0x080143a2   0x00000002   PAD
    0x080143a4   0x080143a4   0x00000078   Code   RO         2793    i.net_base64_decode  Net_Dbg_CM3_L.lib(net_base64.o)
    0x0801441c   0x0801441c   0x00000030   Code   RO         2729    i.net_chksum_buf    Net_Dbg_CM3_L.lib(net_common.o)
    0x0801444c   0x0801444c   0x0000001e   Code   RO         2730    i.net_crc_buf       Net_Dbg_CM3_L.lib(net_common.o)
    0x0801446a   0x0801446a   0x0000000e   Code   RO         1829    i.net_eth_callback  Net_Dbg_CM3_L.lib(net_eth.o)
    0x08014478   0x08014478   0x00000068   Code   RO         1830    i.net_eth_config_mcast  Net_Dbg_CM3_L.lib(net_eth.o)
    0x080144e0   0x080144e0   0x000000ea   Code   RO         1832    i.net_eth_get_option  Net_Dbg_CM3_L.lib(net_eth.o)
    0x080145ca   0x080145ca   0x00000002   PAD
    0x080145cc   0x080145cc   0x0000001c   Code   RO         1833    i.net_eth_iface_init  Net_Dbg_CM3_L.lib(net_eth.o)
    0x080145e8   0x080145e8   0x0000001c   Code   RO         1834    i.net_eth_iface_run  Net_Dbg_CM3_L.lib(net_eth.o)
    0x08014604   0x08014604   0x000000a8   Code   RO         1836    i.net_eth_output    Net_Dbg_CM3_L.lib(net_eth.o)
    0x080146ac   0x080146ac   0x000001e0   Code   RO         1837    i.net_eth_send_frame  Net_Dbg_CM3_L.lib(net_eth.o)
    0x0801488c   0x0801488c   0x00000270   Code   RO         1838    i.net_eth_set_option  Net_Dbg_CM3_L.lib(net_eth.o)
    0x08014afc   0x08014afc   0x000000e8   Code   RO         2259    i.net_http_server_init  Net_Dbg_CM3_L.lib(net_http_server.o)
    0x08014be4   0x08014be4   0x00000028   Code   RO         2260    i.net_http_server_run  Net_Dbg_CM3_L.lib(net_http_server.o)
    0x08014c0c   0x08014c0c   0x00000018   Code   RO         2675    i.net_icmp6_init    Net_Dbg_CM3_L.lib(net_icmp6.o)
    0x08014c24   0x08014c24   0x00000238   Code   RO         2676    i.net_icmp6_process  Net_Dbg_CM3_L.lib(net_icmp6.o)
    0x08014e5c   0x08014e5c   0x00000084   Code   RO         2677    i.net_icmp6_send    Net_Dbg_CM3_L.lib(net_icmp6.o)
    0x08014ee0   0x08014ee0   0x00000058   Code   RO         2678    i.net_icmp6_send_echo  Net_Dbg_CM3_L.lib(net_icmp6.o)
    0x08014f38   0x08014f38   0x00000018   Code   RO         2010    i.net_icmp_init     Net_Dbg_CM3_L.lib(net_icmp.o)
    0x08014f50   0x08014f50   0x000001c8   Code   RO         2011    i.net_icmp_process  Net_Dbg_CM3_L.lib(net_icmp.o)
    0x08015118   0x08015118   0x000000a0   Code   RO         2012    i.net_icmp_send_echo  Net_Dbg_CM3_L.lib(net_icmp.o)
    0x080151b8   0x080151b8   0x0000000c   Code   RO         2424    i.net_if_map_all    Net_Dbg_CM3_L.lib(net_sys.o)
    0x080151c4   0x080151c4   0x0000006c   Code   RO         1943    i.net_igmp_collect_mcast  Net_Dbg_CM3_L.lib(net_igmp.o)
    0x08015230   0x08015230   0x00000048   Code   RO         1944    i.net_igmp_host_init  Net_Dbg_CM3_L.lib(net_igmp.o)
    0x08015278   0x08015278   0x0000001c   Code   RO         1945    i.net_igmp_host_run  Net_Dbg_CM3_L.lib(net_igmp.o)
    0x08015294   0x08015294   0x00000020   Code   RO         1947    i.net_igmp_is_member  Net_Dbg_CM3_L.lib(net_igmp.o)
    0x080152b4   0x080152b4   0x000001ac   Code   RO         1948    i.net_igmp_process  Net_Dbg_CM3_L.lib(net_igmp.o)
    0x08015460   0x08015460   0x0000018c   Code   RO         2605    i.net_ip4_chk_frame  Net_Dbg_CM3_L.lib(net_ip4.o)
    0x080155ec   0x080155ec   0x0000002c   Code   RO         2606    i.net_ip4_chksum    Net_Dbg_CM3_L.lib(net_ip4.o)
    0x08015618   0x08015618   0x00000006   Code   RO         2607    i.net_ip4_chksum_buf  Net_Dbg_CM3_L.lib(net_ip4.o)
    0x0801561e   0x0801561e   0x00000002   PAD
    0x08015620   0x08015620   0x00000080   Code   RO         2609    i.net_ip4_find_route  Net_Dbg_CM3_L.lib(net_ip4.o)
    0x080156a0   0x080156a0   0x00000124   Code   RO         1989    i.net_ip4_frag_add  Net_Dbg_CM3_L.lib(net_ip4_frag.o)
    0x080157c4   0x080157c4   0x000000ac   Code   RO         1990    i.net_ip4_frag_get  Net_Dbg_CM3_L.lib(net_ip4_frag.o)
    0x08015870   0x08015870   0x00000010   Code   RO         1991    i.net_ip4_frag_init  Net_Dbg_CM3_L.lib(net_ip4_frag.o)
    0x08015880   0x08015880   0x0000003c   Code   RO         1992    i.net_ip4_frag_run  Net_Dbg_CM3_L.lib(net_ip4_frag.o)
    0x080158bc   0x080158bc   0x0000002c   Code   RO         2610    i.net_ip4_get_local  Net_Dbg_CM3_L.lib(net_ip4.o)
    0x080158e8   0x080158e8   0x00000024   Code   RO         2611    i.net_ip4_init      Net_Dbg_CM3_L.lib(net_ip4.o)
    0x0801590c   0x0801590c   0x00000020   Code   RO         2612    i.net_ip4_is_onlink  Net_Dbg_CM3_L.lib(net_ip4.o)
    0x0801592c   0x0801592c   0x00000026   Code   RO         2613    i.net_ip4_is_subcast  Net_Dbg_CM3_L.lib(net_ip4.o)
    0x08015952   0x08015952   0x0000000e   Code   RO         2614    i.net_ip4_reass_frame  Net_Dbg_CM3_L.lib(net_ip4.o)
    0x08015960   0x08015960   0x00000164   Code   RO         2615    i.net_ip4_send_frame  Net_Dbg_CM3_L.lib(net_ip4.o)
    0x08015ac4   0x08015ac4   0x0000002a   Code   RO         2617    i.net_ip4_tx_offl_hl  Net_Dbg_CM3_L.lib(net_ip4.o)
    0x08015aee   0x08015aee   0x00000002   PAD
    0x08015af0   0x08015af0   0x00000100   Code   RO         2643    i.net_ip6_chk_frame  Net_Dbg_CM3_L.lib(net_ip6.o)
    0x08015bf0   0x08015bf0   0x00000032   Code   RO         2644    i.net_ip6_chksum    Net_Dbg_CM3_L.lib(net_ip6.o)
    0x08015c22   0x08015c22   0x00000002   PAD
    0x08015c24   0x08015c24   0x0000007c   Code   RO         2645    i.net_ip6_collect_mcast  Net_Dbg_CM3_L.lib(net_ip6.o)
    0x08015ca0   0x08015ca0   0x00000048   Code   RO         2647    i.net_ip6_find_route  Net_Dbg_CM3_L.lib(net_ip6.o)
    0x08015ce8   0x08015ce8   0x00000054   Code   RO         2648    i.net_ip6_get_local  Net_Dbg_CM3_L.lib(net_ip6.o)
    0x08015d3c   0x08015d3c   0x0000001c   Code   RO         2649    i.net_ip6_init      Net_Dbg_CM3_L.lib(net_ip6.o)
    0x08015d58   0x08015d58   0x000000cc   Code   RO         2650    i.net_ip6_send_frame  Net_Dbg_CM3_L.lib(net_ip6.o)
    0x08015e24   0x08015e24   0x0000001e   Code   RO         2652    i.net_ip6_tx_offl_hl  Net_Dbg_CM3_L.lib(net_ip6.o)
    0x08015e42   0x08015e42   0x00000008   Code   RO         2731    i.net_itoa          Net_Dbg_CM3_L.lib(net_common.o)
    0x08015e4a   0x08015e4a   0x00000006   Code   RO         2733    i.net_itoa_n0       Net_Dbg_CM3_L.lib(net_common.o)
    0x08015e50   0x08015e50   0x00000030   Code   RO         1971    i.net_loop_iface_init  Net_Dbg_CM3_L.lib(net_loopback.o)
    0x08015e80   0x08015e80   0x000000bc   Code   RO         1972    i.net_loop_iface_run  Net_Dbg_CM3_L.lib(net_loopback.o)
    0x08015f3c   0x08015f3c   0x00000070   Code   RO         1974    i.net_loop_send_frame  Net_Dbg_CM3_L.lib(net_loopback.o)
    0x08015fac   0x08015fac   0x000000c0   Code   RO         2704    i.net_mem_alloc     Net_Dbg_CM3_L.lib(net_mem.o)
    0x0801606c   0x0801606c   0x0000001c   Code   RO         2705    i.net_mem_avail     Net_Dbg_CM3_L.lib(net_mem.o)
    0x08016088   0x08016088   0x000000a4   Code   RO         2706    i.net_mem_free      Net_Dbg_CM3_L.lib(net_mem.o)
    0x0801612c   0x0801612c   0x00000070   Code   RO         2707    i.net_mem_init      Net_Dbg_CM3_L.lib(net_mem.o)
    0x0801619c   0x0801619c   0x00000048   Code   RO         2708    i.net_mem_shrink    Net_Dbg_CM3_L.lib(net_mem.o)
    0x080161e4   0x080161e4   0x000001c4   Code   RO         2554    i.net_ndp_cache_find  Net_Dbg_CM3_L.lib(net_ndp.o)
    0x080163a8   0x080163a8   0x00000078   Code   RO         2557    i.net_ndp_cache_refresh  Net_Dbg_CM3_L.lib(net_ndp.o)
    0x08016420   0x08016420   0x00000070   Code   RO         2560    i.net_ndp_enqueue   Net_Dbg_CM3_L.lib(net_ndp.o)
    0x08016490   0x08016490   0x00000374   Code   RO         2562    i.net_ndp_process   Net_Dbg_CM3_L.lib(net_ndp.o)
    0x08016804   0x08016804   0x00000038   Code   RO         2426    i.net_path          Net_Dbg_CM3_L.lib(net_sys.o)
    0x0801683c   0x0801683c   0x00000020   Code   RO         2397    i.net_ping_client_init  Net_Dbg_CM3_L.lib(net_ping_core.o)
    0x0801685c   0x0801685c   0x00000080   Code   RO         2398    i.net_ping_client_run  Net_Dbg_CM3_L.lib(net_ping_core.o)
    0x080168dc   0x080168dc   0x0000001c   Code   RO         2427    i.net_rand32        Net_Dbg_CM3_L.lib(net_sys.o)
    0x080168f8   0x080168f8   0x0000005c   Code   RO         2371    i.net_sntp_client_init  Net_Dbg_CM3_L.lib(net_sntp_client_core.o)
    0x08016954   0x08016954   0x00000058   Code   RO         2372    i.net_sntp_client_run  Net_Dbg_CM3_L.lib(net_sntp_client_core.o)
    0x080169ac   0x080169ac   0x0000002e   Code   RO         2734    i.net_strcasecmp    Net_Dbg_CM3_L.lib(net_common.o)
    0x080169da   0x080169da   0x00000016   Code   RO         2735    i.net_strchr        Net_Dbg_CM3_L.lib(net_common.o)
    0x080169f0   0x080169f0   0x0000001a   Code   RO         2736    i.net_strcmp        Net_Dbg_CM3_L.lib(net_common.o)
    0x08016a0a   0x08016a0a   0x00000012   Code   RO         2737    i.net_strcpy        Net_Dbg_CM3_L.lib(net_common.o)
    0x08016a1c   0x08016a1c   0x0000001c   Code   RO         2739    i.net_strnchr       Net_Dbg_CM3_L.lib(net_common.o)
    0x08016a38   0x08016a38   0x0000001a   Code   RO         2740    i.net_strncpy       Net_Dbg_CM3_L.lib(net_common.o)
    0x08016a52   0x08016a52   0x00000002   PAD
    0x08016a54   0x08016a54   0x0000000c   Code   RO         2428    i.net_sys_lock      Net_Dbg_CM3_L.lib(net_sys.o)
    0x08016a60   0x08016a60   0x00000016   Code   RO         2429    i.net_sys_resume    Net_Dbg_CM3_L.lib(net_sys.o)
    0x08016a76   0x08016a76   0x00000002   PAD
    0x08016a78   0x08016a78   0x00000014   Code   RO         2431    i.net_sys_tick      Net_Dbg_CM3_L.lib(net_sys.o)
    0x08016a8c   0x08016a8c   0x0000000c   Code   RO         2432    i.net_sys_unlock    Net_Dbg_CM3_L.lib(net_sys.o)
    0x08016a98   0x08016a98   0x00000020   Code   RO         2434    i.net_sys_wakeup    Net_Dbg_CM3_L.lib(net_sys.o)
    0x08016ab8   0x08016ab8   0x00000084   Code   RO         2103    i.net_tcp_abort     Net_Dbg_CM3_L.lib(net_tcp.o)
    0x08016b3c   0x08016b3c   0x000000e4   Code   RO         2106    i.net_tcp_close     Net_Dbg_CM3_L.lib(net_tcp.o)
    0x08016c20   0x08016c20   0x0000002e   Code   RO         2109    i.net_tcp_get_buf   Net_Dbg_CM3_L.lib(net_tcp.o)
    0x08016c4e   0x08016c4e   0x00000002   PAD
    0x08016c50   0x08016c50   0x00000034   Code   RO         2111    i.net_tcp_get_local_port  Net_Dbg_CM3_L.lib(net_tcp.o)
    0x08016c84   0x08016c84   0x00000028   Code   RO         2112    i.net_tcp_get_mss   Net_Dbg_CM3_L.lib(net_tcp.o)
    0x08016cac   0x08016cac   0x00000054   Code   RO         2114    i.net_tcp_get_peer  Net_Dbg_CM3_L.lib(net_tcp.o)
    0x08016d00   0x08016d00   0x00000070   Code   RO         2116    i.net_tcp_get_socket  Net_Dbg_CM3_L.lib(net_tcp.o)
    0x08016d70   0x08016d70   0x0000002c   Code   RO         2117    i.net_tcp_get_state  Net_Dbg_CM3_L.lib(net_tcp.o)
    0x08016d9c   0x08016d9c   0x00000034   Code   RO         2118    i.net_tcp_get_timer  Net_Dbg_CM3_L.lib(net_tcp.o)
    0x08016dd0   0x08016dd0   0x000000b0   Code   RO         2119    i.net_tcp_listen    Net_Dbg_CM3_L.lib(net_tcp.o)
    0x08016e80   0x08016e80   0x000007a8   Code   RO         2121    i.net_tcp_process   Net_Dbg_CM3_L.lib(net_tcp.o)
    0x08017628   0x08017628   0x0000015c   Code   RO         2125    i.net_tcp_send      Net_Dbg_CM3_L.lib(net_tcp.o)
    0x08017784   0x08017784   0x0000012c   Code   RO         2127    i.net_tcp_set_option  Net_Dbg_CM3_L.lib(net_tcp.o)
    0x080178b0   0x080178b0   0x00000028   Code   RO         2128    i.net_tcp_socket_init  Net_Dbg_CM3_L.lib(net_tcp.o)
    0x080178d8   0x080178d8   0x000003c0   Code   RO         2129    i.net_tcp_socket_run  Net_Dbg_CM3_L.lib(net_tcp.o)
    0x08017c98   0x08017c98   0x00000048   Code   RO         2037    i.net_udp_close     Net_Dbg_CM3_L.lib(net_udp.o)
    0x08017ce0   0x08017ce0   0x0000002e   Code   RO         2040    i.net_udp_get_buf   Net_Dbg_CM3_L.lib(net_udp.o)
    0x08017d0e   0x08017d0e   0x00000002   PAD
    0x08017d10   0x08017d10   0x00000070   Code   RO         2043    i.net_udp_get_socket  Net_Dbg_CM3_L.lib(net_udp.o)
    0x08017d80   0x08017d80   0x00000158   Code   RO         2046    i.net_udp_process   Net_Dbg_CM3_L.lib(net_udp.o)
    0x08017ed8   0x08017ed8   0x00000012   Code   RO         2048    i.net_udp_send      Net_Dbg_CM3_L.lib(net_udp.o)
    0x08017eea   0x08017eea   0x00000002   PAD
    0x08017eec   0x08017eec   0x0000022c   Code   RO         2049    i.net_udp_send_if   Net_Dbg_CM3_L.lib(net_udp.o)
    0x08018118   0x08018118   0x00000024   Code   RO         2051    i.net_udp_socket_init  Net_Dbg_CM3_L.lib(net_udp.o)
    0x0801813c   0x0801813c   0x00000008   Code   RO         2742    i.net_ultoa         Net_Dbg_CM3_L.lib(net_common.o)
    0x08018144   0x08018144   0x00000030   Code   RO         2745    i.net_ultox         Net_Dbg_CM3_L.lib(net_common.o)
    0x08018174   0x08018174   0x0000004c   Code   RO         2746    i.net_xtoul         Net_Dbg_CM3_L.lib(net_common.o)
    0x080181c0   0x080181c0   0x0000001c   Code   RO         2401    i.ping_send_req     Net_Dbg_CM3_L.lib(net_ping_core.o)
    0x080181dc   0x080181dc   0x00000058   Code   RO         2263    i.proc_req_line     Net_Dbg_CM3_L.lib(net_http_server.o)
    0x08018234   0x08018234   0x0000001a   Code   RO         1994    i.que_free_list     Net_Dbg_CM3_L.lib(net_ip4_frag.o)
    0x0801824e   0x0801824e   0x000000a0   Code   RO         2264    i.read_script_line  Net_Dbg_CM3_L.lib(net_http_server.o)
    0x080182ee   0x080182ee   0x00000048   Code   RO         2265    i.search_delim      Net_Dbg_CM3_L.lib(net_http_server.o)
    0x08018336   0x08018336   0x00000002   PAD
    0x08018338   0x08018338   0x000000fc   Code   RO         2375    i.sntp_listener     Net_Dbg_CM3_L.lib(net_sntp_client_core.o)
    0x08018434   0x08018434   0x0000003c   Code   RO         2376    i.sntp_send_message  Net_Dbg_CM3_L.lib(net_sntp_client_core.o)
    0x08018470   0x08018470   0x00000018   Code   RO         2378    i.sntp_stop         Net_Dbg_CM3_L.lib(net_sntp_client_core.o)
    0x08018488   0x08018488   0x00000018   Code   RO         2435    i.sys_map_if        Net_Dbg_CM3_L.lib(net_sys.o)
    0x080184a0   0x080184a0   0x0000004c   Code   RO         2436    i.sys_proc_tick     Net_Dbg_CM3_L.lib(net_sys.o)
    0x080184ec   0x080184ec   0x00000110   Code   RO         2131    i.tcp_map_socket    Net_Dbg_CM3_L.lib(net_tcp.o)
    0x080185fc   0x080185fc   0x00000084   Code   RO         2132    i.tcp_parse_opt     Net_Dbg_CM3_L.lib(net_tcp.o)
    0x08018680   0x08018680   0x0000011c   Code   RO         2133    i.tcp_proc_acknr    Net_Dbg_CM3_L.lib(net_tcp.o)
    0x0801879c   0x0801879c   0x000000ac   Code   RO         2134    i.tcp_proc_dupack   Net_Dbg_CM3_L.lib(net_tcp.o)
    0x08018848   0x08018848   0x0000001a   Code   RO         2135    i.tcp_que_free      Net_Dbg_CM3_L.lib(net_tcp.o)
    0x08018862   0x08018862   0x0000001a   Code   RO         2136    i.tcp_que_init      Net_Dbg_CM3_L.lib(net_tcp.o)
    0x0801887c   0x0801887c   0x000000ac   Code   RO         2137    i.tcp_que_resend    Net_Dbg_CM3_L.lib(net_tcp.o)
    0x08018928   0x08018928   0x00000090   Code   RO         2138    i.tcp_send_ctrl     Net_Dbg_CM3_L.lib(net_tcp.o)
    0x080189b8   0x080189b8   0x0000007c   Code   RO         2139    i.tcp_send_data     Net_Dbg_CM3_L.lib(net_tcp.o)
    0x08018a34   0x08018a34   0x00000090   Code   RO         2140    i.tcp_send_reset    Net_Dbg_CM3_L.lib(net_tcp.o)
    0x08018ac4   0x08018ac4   0x00000044   Code   RO         2141    i.tcp_set_cwnd      Net_Dbg_CM3_L.lib(net_tcp.o)
    0x08018b08   0x08018b08   0x00000074   Code   RO         2142    i.tcp_transit       Net_Dbg_CM3_L.lib(net_tcp.o)
    0x08018b7c   0x08018b7c   0x0000010c   Code   RO         2143    i.tcp_write         Net_Dbg_CM3_L.lib(net_tcp.o)
    0x08018c88   0x08018c88   0x00000044   Code   RO         2747    i.ul2str            Net_Dbg_CM3_L.lib(net_common.o)
    0x08018ccc   0x08018ccc   0x00000124   Code   RO         2266    i.utc_to_http       Net_Dbg_CM3_L.lib(net_http_server.o)
    0x08018df0   0x08018df0   0x00000024   Data   RO          180    .constdata          http_server.o
    0x08018e14   0x08018e14   0x00000004   Data   RO          298    .constdata          web.o
    0x08018e18   0x08018e18   0x00006bfd   Data   RO          299    .constdata          web.o
    0x0801fa15   0x0801fa15   0x00000003   PAD
    0x0801fa18   0x0801fa18   0x000000b0   Data   RO          300    .constdata          web.o
    0x0801fac8   0x0801fac8   0x00000960   Data   RO          319    .constdata          lcd_1.o
    0x08020428   0x08020428   0x00000008   Data   RO          487    .constdata          buttons_nucleo_f429zi.o
    0x08020430   0x08020430   0x00000018   Data   RO          513    .constdata          led_nucleo_f429zi.o
    0x08020448   0x08020448   0x00000024   Data   RO          724    .constdata          rtx_lib.o
    0x0802046c   0x0802046c   0x00000024   Data   RO          725    .constdata          rtx_lib.o
    0x08020490   0x08020490   0x00000018   Data   RO          726    .constdata          rtx_lib.o
    0x080204a8   0x080204a8   0x00000004   Data   RO          728    .constdata          rtx_lib.o
    0x080204ac   0x080204ac   0x00000004   Data   RO         1069    .constdata          phy_lan8742a.o
    0x080204b0   0x080204b0   0x00000020   Data   RO         1070    .constdata          phy_lan8742a.o
    0x080204d0   0x080204d0   0x00000050   Data   RO         1097    .constdata          emac_stm32f4xx.o
    0x08020520   0x08020520   0x00000044   Data   RO         1098    .constdata          emac_stm32f4xx.o
    0x08020564   0x08020564   0x00000034   Data   RO         1140    .constdata          spi_stm32f4xx.o
    0x08020598   0x08020598   0x00000010   Data   RO         1141    .constdata          spi_stm32f4xx.o
    0x080205a8   0x080205a8   0x00000010   Data   RO         1142    .constdata          spi_stm32f4xx.o
    0x080205b8   0x080205b8   0x0000002c   Data   RO         1143    .constdata          spi_stm32f4xx.o
    0x080205e4   0x080205e4   0x00000018   Data   RO         1179    .constdata          eventrecorder.o
    0x080205fc   0x080205fc   0x00000008   Data   RO         1318    .constdata          stm32f4xx_hal_dma.o
    0x08020604   0x08020604   0x00000010   Data   RO         1662    .constdata          system_stm32f4xx.o
    0x08020614   0x08020614   0x00000008   Data   RO         1663    .constdata          system_stm32f4xx.o
    0x0802061c   0x0802061c   0x000000a8   Data   RO         1707    .constdata          net_config.o
    0x080206c4   0x080206c4   0x0000001c   Data   RO         1708    .constdata          net_config.o
    0x080206e0   0x080206e0   0x00000014   Data   RO         1709    .constdata          net_config.o
    0x080206f4   0x080206f4   0x0000000c   Data   RO         1710    .constdata          net_config.o
    0x08020700   0x08020700   0x00000010   Data   RO         1711    .constdata          net_config.o
    0x08020710   0x08020710   0x00000028   Data   RO         1712    .constdata          net_config.o
    0x08020738   0x08020738   0x0000002c   Data   RO         1713    .constdata          net_config.o
    0x08020764   0x08020764   0x00000008   Data   RO         1714    .constdata          net_config.o
    0x0802076c   0x0802076c   0x00000008   Data   RO         1716    .constdata          net_config.o
    0x08020774   0x08020774   0x00000008   Data   RO         1717    .constdata          net_config.o
    0x0802077c   0x0802077c   0x00000008   Data   RO         1718    .constdata          net_config.o
    0x08020784   0x08020784   0x00000008   Data   RO         1719    .constdata          net_config.o
    0x0802078c   0x0802078c   0x00000008   Data   RO         1720    .constdata          net_config.o
    0x08020794   0x08020794   0x00000008   Data   RO         1721    .constdata          net_config.o
    0x0802079c   0x0802079c   0x00000004   Data   RO         1723    .constdata          net_config.o
    0x080207a0   0x080207a0   0x00000008   Data   RO         1724    .constdata          net_config.o
    0x080207a8   0x080207a8   0x0000000c   Data   RO         1725    .constdata          net_config.o
    0x080207b4   0x080207b4   0x00000018   Data   RO         1726    .constdata          net_config.o
    0x080207cc   0x080207cc   0x00000034   Data   RO         1727    .constdata          net_config.o
    0x08020800   0x08020800   0x00000008   Data   RO         1728    .constdata          net_config.o
    0x08020808   0x08020808   0x0000002c   Data   RO         1729    .constdata          net_config.o
    0x08020834   0x08020834   0x00000028   Data   RO         1730    .constdata          net_config.o
    0x0802085c   0x0802085c   0x00000010   Data   RO         1732    .constdata          net_config.o
    0x0802086c   0x0802086c   0x00000010   Data   RO         1733    .constdata          net_config.o
    0x0802087c   0x0802087c   0x00000008   Data   RO         1949    .constdata          Net_Dbg_CM3_L.lib(net_igmp.o)
    0x08020884   0x08020884   0x0000002c   Data   RO         1975    .constdata          Net_Dbg_CM3_L.lib(net_loopback.o)
    0x080208b0   0x080208b0   0x0000000c   Data   RO         1976    .constdata          Net_Dbg_CM3_L.lib(net_loopback.o)
    0x080208bc   0x080208bc   0x000000fa   Data   RO         2268    .constdata          Net_Dbg_CM3_L.lib(net_http_server.o)
    0x080209b6   0x080209b6   0x00000002   PAD
    0x080209b8   0x080209b8   0x00000018   Data   RO         2347    .constdata          Net_Dbg_CM3_L.lib(net_http_server_auth.o)
    0x080209d0   0x080209d0   0x00000012   Data   RO         2403    .constdata          Net_Dbg_CM3_L.lib(net_ping_core.o)
    0x080209e2   0x080209e2   0x00000010   Data   RO         2496    .constdata          Net_Dbg_CM3_L.lib(net_addr.o)
    0x080209f2   0x080209f2   0x00000006   Data   RO         2497    .constdata          Net_Dbg_CM3_L.lib(net_addr.o)
    0x080209f8   0x080209f8   0x00000004   Data   RO         2619    .constdata          Net_Dbg_CM3_L.lib(net_ip4.o)
    0x080209fc   0x080209fc   0x00000020   Data   RO         2654    .constdata          Net_Dbg_CM3_L.lib(net_ip6.o)
    0x08020a1c   0x08020a1c   0x00000018   Data   RO         2694    .constdata          Net_Dbg_CM3_L.lib(net_http_server_err.o)
    0x08020a34   0x08020a34   0x00000010   Data   RO         2748    .constdata          Net_Dbg_CM3_L.lib(net_common.o)
    0x08020a44   0x08020a44   0x00000090   Data   RO         2795    .constdata          Net_Dbg_CM3_L.lib(net_base64.o)
    0x08020ad4   0x08020ad4   0x00000004   Data   RO         2804    .constdata          Net_Dbg_CM3_L.lib(net_version.o)
    0x08020ad8   0x08020ad8   0x000000da   Data   RO          267    .conststring        http_server_cgi.o
    0x08020bb2   0x08020bb2   0x00000002   PAD
    0x08020bb4   0x08020bb4   0x00000078   Data   RO         1734    .conststring        net_config.o
    0x08020c2c   0x08020c2c   0x0000000d   Data   RO         1735    .conststring        net_config.o
    0x08020c39   0x08020c39   0x00000003   PAD
    0x08020c3c   0x08020c3c   0x00000038   Data   RO         1736    .conststring        net_config.o
    0x08020c74   0x08020c74   0x0000001d   Data   RO         1737    .conststring        net_config.o
    0x08020c91   0x08020c91   0x00000003   PAD
    0x08020c94   0x08020c94   0x0000000f   Data   RO         1738    .conststring        net_config.o
    0x08020ca3   0x08020ca3   0x00000001   PAD
    0x08020ca4   0x08020ca4   0x00000203   Data   RO         2695    .conststring        Net_Dbg_CM3_L.lib(net_http_server_err.o)
    0x08020ea7   0x08020ea7   0x00000001   PAD
    0x08020ea8   0x08020ea8   0x0000000b   Data   RO          668    .conststrlit        rtx_kernel.o
    0x08020eb3   0x08020eb3   0x00000001   PAD
    0x08020eb4   0x08020eb4   0x000000a8   Data   RO          729    .rodata             rtx_lib.o
    0x08020f5c   0x08020f5c   0x00000030   Data   RO         3149    Region$$Table       anon$$obj.o


    Execution Region RW_IRAM2 (Exec base: 0x10000000, Load base: 0x080210c4, Size: 0x000004a4, Max: 0x00010000, ABSOLUTE)

    Exec Addr    Load Addr    Size         Type   Attr      Idx    E Section Name        Object

    0x10000000        -       0x000004a4   Zero   RW         1178    .bss.noinit         eventrecorder.o


    Execution Region RW_IRAM1 (Exec base: 0x20000000, Load base: 0x08020f8c, Size: 0x0000f758, Max: 0x00030000, ABSOLUTE, COMPRESSED[0x00000138])

    Exec Addr    Load Addr    Size         Type   Attr      Idx    E Section Name        Object

    0x20000000   COMPRESSED   0x00008000   Data   RW          716    .bss.os             rtx_lib.o
    0x20008000   COMPRESSED   0x00000040   Data   RW          717    .bss.os             rtx_lib.o
    0x20008040   COMPRESSED   0x00000001   Data   RW         1021    .bss.os             os_systick.o
    0x20008041   COMPRESSED   0x00000003   PAD
    0x20008044   COMPRESSED   0x00000034   Data   RW          718    .bss.os.msgqueue.cb  rtx_lib.o
    0x20008078   COMPRESSED   0x00000050   Data   RW          719    .bss.os.msgqueue.mem  rtx_lib.o
    0x200080c8   COMPRESSED   0x0000001c   Data   RW         1701    .bss.os.mutex.cb    net_config.o
    0x200080e4   COMPRESSED   0x0000001c   Data   RW         1702    .bss.os.mutex.cb    net_config.o
    0x20008100   COMPRESSED   0x00000010   Data   RW         1703    .bss.os.semaphore.cb  net_config.o
    0x20008110   COMPRESSED   0x00000044   Data   RW          720    .bss.os.thread.cb   rtx_lib.o
    0x20008154   COMPRESSED   0x00000044   Data   RW          721    .bss.os.thread.cb   rtx_lib.o
    0x20008198   COMPRESSED   0x00000044   Data   RW         1704    .bss.os.thread.cb   net_config.o
    0x200081dc   COMPRESSED   0x00000044   Data   RW         1705    .bss.os.thread.cb   net_config.o
    0x20008220   COMPRESSED   0x00000200   Data   RW          722    .bss.os.thread.idle.stack  rtx_lib.o
    0x20008420   COMPRESSED   0x00000200   Data   RW          723    .bss.os.thread.timer.stack  rtx_lib.o
    0x20008620   COMPRESSED   0x00000020   Data   RW         1706    .bss.os.timer.cb    net_config.o
    0x20008640   COMPRESSED   0x00000004   Data   RW          153    .data               main.o
    0x20008644   COMPRESSED   0x0000002a   Data   RW          181    .data               http_server.o
    0x2000866e   COMPRESSED   0x00000002   PAD
    0x20008670   COMPRESSED   0x00000014   Data   RW          183    .data               http_server.o
    0x20008684   COMPRESSED   0x00000008   Data   RW          268    .data               http_server_cgi.o
    0x2000868c   COMPRESSED   0x00000008   Data   RW          320    .data               lcd_1.o
    0x20008694   COMPRESSED   0x00000008   Data   RW          363    .data               thlcd.o
    0x2000869c   COMPRESSED   0x00000018   Data   RW          391    .data               adc.o
    0x200086b4   COMPRESSED   0x00000018   Data   RW          421    .data               rtc_2.o
    0x200086cc   COMPRESSED   0x0000000c   Data   RW         1212    .data               stm32f4xx_hal.o
    0x200086d8   COMPRESSED   0x00000004   Data   RW         1664    .data               system_stm32f4xx.o
    0x200086dc   COMPRESSED   0x00000004   Data   RW         1739    .data               net_config.o
    0x200086e0   COMPRESSED   0x00000006   Data   RW         1740    .data               net_config.o
    0x200086e6   COMPRESSED   0x00000004   Data   RW         1741    .data               net_config.o
    0x200086ea   COMPRESSED   0x00000004   Data   RW         1950    .data               Net_Dbg_CM3_L.lib(net_igmp.o)
    0x200086ee   COMPRESSED   0x00000002   PAD
    0x200086f0   COMPRESSED   0x00000004   Data   RW         1977    .data               Net_Dbg_CM3_L.lib(net_loopback.o)
    0x200086f4   COMPRESSED   0x00000004   Data   RW         1995    .data               Net_Dbg_CM3_L.lib(net_ip4_frag.o)
    0x200086f8   COMPRESSED   0x00000001   Data   RW         2013    .data               Net_Dbg_CM3_L.lib(net_icmp.o)
    0x200086f9   COMPRESSED   0x00000001   PAD
    0x200086fa   COMPRESSED   0x00000004   Data   RW         2146    .data               Net_Dbg_CM3_L.lib(net_tcp.o)
    0x200086fe   COMPRESSED   0x00000002   PAD
    0x20008700   COMPRESSED   0x0000000c   Data   RW         2269    .data               Net_Dbg_CM3_L.lib(net_http_server.o)
    0x2000870c   COMPRESSED   0x00000008   Data   RW         2620    .data               Net_Dbg_CM3_L.lib(net_ip4.o)
    0x20008714   COMPRESSED   0x00000004   Data   RW         2656    .data               Net_Dbg_CM3_L.lib(net_ip6.o)
    0x20008718   COMPRESSED   0x000000a4   Data   RW          669    .data.os            rtx_kernel.o
    0x200087bc   COMPRESSED   0x00000004   PAD
    0x200087c0        -       0x00000400   Zero   RW          178    .bss                http_server.o
    0x20008bc0        -       0x00000038   Zero   RW          266    .bss                http_server_cgi.o
    0x20008bf8        -       0x00000240   Zero   RW          318    .bss                lcd_1.o
    0x20008e38        -       0x00000081   Zero   RW          362    .bss                thlcd.o
    0x20008eb9   COMPRESSED   0x00000003   PAD
    0x20008ebc        -       0x00000130   Zero   RW          419    .bss                rtc_2.o
    0x20008fec        -       0x0000000c   Zero   RW         1068    .bss                phy_lan8742a.o
    0x20008ff8        -       0x000024cc   Zero   RW         1096    .bss                emac_stm32f4xx.o
    0x2000b4c4        -       0x00000010   Zero   RW         1138    .bss                spi_stm32f4xx.o
    0x2000b4d4        -       0x0000001c   Zero   RW         1139    .bss                spi_stm32f4xx.o
    0x2000b4f0        -       0x00000400   Zero   RW         1691    .bss                net_config.o
    0x2000b8f0        -       0x00000400   Zero   RW         1692    .bss                net_config.o
    0x2000bcf0        -       0x00002ee0   Zero   RW         1693    .bss                net_config.o
    0x2000ebd0        -       0x000000c8   Zero   RW         1694    .bss                net_config.o
    0x2000ec98        -       0x00000028   Zero   RW         1695    .bss                net_config.o
    0x2000ecc0        -       0x00000018   Zero   RW         1696    .bss                net_config.o
    0x2000ecd8        -       0x00000028   Zero   RW         1697    .bss                net_config.o
    0x2000ed00        -       0x00000050   Zero   RW         1698    .bss                net_config.o
    0x2000ed50        -       0x00000228   Zero   RW         1699    .bss                net_config.o
    0x2000ef78        -       0x00000150   Zero   RW         1700    .bss                net_config.o
    0x2000f0c8        -       0x000000a0   Zero   RW         1839    .bss                Net_Dbg_CM3_L.lib(net_eth.o)
    0x2000f168        -       0x00000018   Zero   RW         1899    .bss                Net_Dbg_CM3_L.lib(net_arp.o)
    0x2000f180        -       0x0000001c   Zero   RW         2054    .bss                Net_Dbg_CM3_L.lib(net_udp.o)
    0x2000f19c        -       0x00000098   Zero   RW         2267    .bss                Net_Dbg_CM3_L.lib(net_http_server.o)
    0x2000f234        -       0x0000002c   Zero   RW         2379    .bss                Net_Dbg_CM3_L.lib(net_sntp_client_core.o)
    0x2000f260        -       0x0000002c   Zero   RW         2402    .bss                Net_Dbg_CM3_L.lib(net_ping_core.o)
    0x2000f28c        -       0x00000038   Zero   RW         2437    .bss                Net_Dbg_CM3_L.lib(net_sys.o)
    0x2000f2c4        -       0x00000024   Zero   RW         2438    .bss                Net_Dbg_CM3_L.lib(net_sys.o)
    0x2000f2e8        -       0x0000005c   Zero   RW         2495    .bss                Net_Dbg_CM3_L.lib(net_addr.o)
    0x2000f344        -       0x00000014   Zero   RW         2710    .bss                Net_Dbg_CM3_L.lib(net_mem.o)
    0x2000f358        -       0x00000400   Zero   RW         1651    STACK               startup_stm32f429xx.o


==============================================================================

Image component sizes


      Code (inc. data)   RO Data    RW Data    ZI Data      Debug   Object Name

       416         30          0         24          0       2844   adc.o
       164         10          8          0          0       2288   buttons_nucleo_f429zi.o
      2536        156        148          0       9420      47378   emac_stm32f4xx.o
      1452         40         24          0       1188      17196   eventrecorder.o
       260         28         36         62       1024      16225   http_server.o
      1936        350        218          8         56       7841   http_server_cgi.o
       148          8          0          0          0        556   irq_armv7m.o
       872         42       2400          8        576       4505   lcd_1.o
       236         10         24          0          0       2697   led_nucleo_f429zi.o
       276         30          0          4          0       1327   main.o
       356         26        841        254      15320      31673   net_config.o
       338          0          0          0          0        790   net_debug.o
       196         12          0          1          0       1932   os_systick.o
       428         10         36          0         12       6718   phy_lan8742a.o
       920         72          0         24        304       4185   rtc_2.o
         4          0          0          0          0        555   rtx_config.o
       260         14          0          0          0      17646   rtx_delay.o
      2392         88          0          0          0      45101   rtx_evr.o
      1740         96         11        164          0      27736   rtx_kernel.o
        24          0        268      34124          0       9667   rtx_lib.o
       292          0          0          0          0       3759   rtx_memory.o
      1984         48          0          0          0      14964   rtx_mempool.o
      2820         58          0          0          0      23452   rtx_msgqueue.o
      1368         30          0          0          0       9994   rtx_mutex.o
      1432         34          0          0          0      11692   rtx_semaphore.o
       668         18          0          0          0       8257   rtx_system.o
      4892        124          0          0          0      33389   rtx_thread.o
      1152         34          0          0          0      10097   rtx_timer.o
      3164         98        128          0         44      44715   spi_stm32f4xx.o
        36          8        428          0       1024        792   startup_stm32f429xx.o
       456         38          0         12          0      11319   stm32f4xx_hal.o
      2744         92          0          0          0       8763   stm32f4xx_hal_adc.o
      1828         42          0          0          0       6470   stm32f4xx_hal_adc_ex.o
       664         10          0          0          0      36014   stm32f4xx_hal_cortex.o
      1816         28          8          0          0       7577   stm32f4xx_hal_dma.o
       868         54          0          0          0       3931   stm32f4xx_hal_gpio.o
       376         20          0          0          0       3559   stm32f4xx_hal_pwr.o
      1888         66          0          0          0       6083   stm32f4xx_hal_rcc.o
      1508         80          0          0          0       4641   stm32f4xx_hal_rcc_ex.o
      2416         24          0          0          0       8645   stm32f4xx_hal_rtc.o
      2828         22          0          0          0      13629   stm32f4xx_hal_rtc_ex.o
      9170        166          0          0          0      37580   stm32f4xx_hal_tim.o
      2992         62          0          0          0      13596   stm32f4xx_hal_tim_ex.o
        12          0          0          0          0     797515   stm32f4xx_it.o
       148         20         24          4          0       1645   system_stm32f4xx.o
       204         20          0          8        129       1228   thlcd.o
       120         10      27825          0          0       1604   web.o

    ----------------------------------------------------------------------
     62802       2228      32488      34702      29104    1373770   Object Totals
         0          0         48          0          0          0   (incl. Generated)
         2          0         13          5          7          0   (incl. Padding)

    ----------------------------------------------------------------------

      Code (inc. data)   RO Data    RW Data    ZI Data      Debug   Library Member Name

      1458         18         22          0         92       1624   net_addr.o
      2874        144          0          0         24       1548   net_arp.o
       120          6        144          0          0         84   net_base64.o
       590         10         16          0          0       1264   net_common.o
      3664        138          0          0        160       1600   net_eth.o
      6834       1268        250         12        152       2852   net_http_server.o
       266         66         24          0          0        368   net_http_server_auth.o
         0          0        539          0          0          0   net_http_server_err.o
       640         48          0          1          0        236   net_icmp.o
       812         60          0          0          0        332   net_icmp6.o
       972         46          8          4          0        680   net_igmp.o
      1188         82          4          8          0        956   net_ip4.o
       690         30          0          4          0        476   net_ip4_frag.o
       848         72         32          4          0        644   net_ip6.o
       348         28         56          4          0        256   net_loopback.o
       592         64          0          0         20        564   net_mem.o
      3058        106          0          0          0       1404   net_ndp.o
       188         32         18          0         44        220   net_ping_core.o
       516         54          0          0         44        412   net_sntp_client_core.o
       834         84          0          0         92       1012   net_sys.o
      6566        282          0          4          0       2728   net_tcp.o
      1184         64          0          0         28        612   net_udp.o
         0          0          4          0          0          0   net_version.o
        86          0          0          0          0          0   __dczerorl2.o
         0          0          0          0          0          0   entry.o
         0          0          0          0          0          0   entry10a.o
         0          0          0          0          0          0   entry11a.o
         4          0          0          0          0          0   entry12b.o
         8          4          0          0          0          0   entry2.o
         4          0          0          0          0          0   entry5.o
         0          0          0          0          0          0   entry7b.o
         0          0          0          0          0          0   entry8b.o
         8          4          0          0          0          0   entry9a.o
        30          0          0          0          0          0   handlers.o
        36          8          0          0          0         68   init.o
         0          0          0          0          0          0   iusefp.o
        30          0          0          0          0         68   llshl.o
        36          0          0          0          0         68   llsshr.o
        32          0          0          0          0         68   llushr.o
        26          0          0          0          0         80   memcmp.o
        36          0          0          0          0         68   memcpya.o
        36          0          0          0          0        108   memseta.o
      2310         90          0          0          0        688   printfa.o
        28          0          0          0          0         76   strcmp.o
        18          0          0          0          0         68   strcpy.o
        14          0          0          0          0         68   strlen.o
        30          0          0          0          0         80   strncmp.o
        44          0          0          0          0         80   uidiv.o
        98          0          0          0          0         92   uldiv.o
        48          0          0          0          0         68   cdrcmple.o
       334          0          0          0          0        148   dadd.o
       222          0          0          0          0        100   ddiv.o
       186          0          0          0          0        176   depilogue.o
        62          0          0          0          0         80   dfixi.o
        48          0          0          0          0         68   dfixul.o
       228          0          0          0          0         96   dmul.o
        46          0          0          0          0         80   dscalb.o
        38          0          0          0          0         68   f2d.o
       110          0          0          0          0        168   fepilogue.o
        10          0          0          0          0         68   ffltui.o
       100          0          0          0          0         76   fmul.o

    ----------------------------------------------------------------------
     38642       2808       1120         46        656      22748   Library Totals
        54          0          3          5          0          0   (incl. Padding)

    ----------------------------------------------------------------------

      Code (inc. data)   RO Data    RW Data    ZI Data      Debug   Library Name

     34242       2702       1117         41        656      19872   Net_Dbg_CM3_L.lib
      2914        106          0          0          0       1680   mc_w.l
      1432          0          0          0          0       1196   mf_w.l

    ----------------------------------------------------------------------
     38642       2808       1120         46        656      22748   Library Totals

    ----------------------------------------------------------------------

==============================================================================


      Code (inc. data)   RO Data    RW Data    ZI Data      Debug   

    101444       5036      33608      34748      29760    1378030   Grand Totals
    101444       5036      33608        312      29760    1378030   ELF Image Totals (compressed)
    101444       5036      33608        312          0          0   ROM Totals

==============================================================================

    Total RO  Size (Code + RO Data)               135052 ( 131.89kB)
    Total RW  Size (RW Data + ZI Data)             64508 (  63.00kB)
    Total ROM Size (Code + RO Data + RW Data)     135364 ( 132.19kB)

==============================================================================

